Set paper size 	297.6377985	419.5275636
Begin page
Mx 	29.9059
My 	27.9564
Set font 	Libertinus Serif;10;400;Italic;normal;;LTR
Mx 	5.8700
Mx 	4.5700
Mx 	5.0000
Mx 	5.0000
Mx 	4.5400
Mx 	5.0600
T	51 a=5.8700 66 a=4.5700 72 a=5.0000 72 a=5.0000 70 a=4.4700 69 a=5.0600	(Ragged)
Mx 	62.9459
T	77 70 2385 w=13.0700	(left)
Mx 	79.0159
Set font 	Libertinus Serif;10;400;;normal;;LTR
Mx 	2.6400
Mx 	5.0400
Mx 	3.6400
Mx 	4.4700
Mx 	7.9000
T	77 a=2.6400 80 a=5.0400 83 a=3.7200 70 a=4.4700 78 a=7.9000	(lorem)
Mx 	105.7059
T	74 81 84 86 78 w=25.0100	(ipsum)
Mx 	133.7159
T	69 80 77 80 83 w=21.5000	(dolor)
Mx 	158.2159
T	84 74 85 w=9.7700	(sit)
Mx 	170.9859
T	66 78 70 85 w=20.1000	(amet)
Mx 	194.0859
T	68 80 79 84 70 85 70 85 86 83 w=42.9300	(consetetur)
Mx 	240.0159
T	84 66 69 74 81 84 68 74 79 72 w=42.7400	(sadipscing)
Mx 	36.3059
My 	39.9564
T	70 77 74 85 83 w=16.7000	(elitr)
Mx 	56.0059
Mx 	3.9000
Mx 	4.5400
Mx 	5.0600
T	84 a=3.9000 70 a=4.4700 69 a=5.0600	(sed)
Mx 	72.5059
T	69 74 66 78 w=20.2400	(diam)
Mx 	95.7459
T	79 80 79 86 78 90 w=34.2400	(nonumy)
Mx 	132.9859
Mx 	4.4700
Mx 	2.7100
Mx 	3.7200
Mx 	7.9000
Mx 	5.1100
Mx 	5.0600
T	70 a=4.4700 74 a=2.7100 83 a=3.7200 78 a=7.9000 80 a=5.0400 69 a=5.0600	(eirmod)
Mx 	164.9559
Mx 	3.1600
Mx 	4.4700
Mx 	7.9000
Mx 	5.2600
Mx 	5.0400
Mx 	3.7200
T	85 a=3.1600 70 a=4.4700 78 a=7.9000 81 a=5.1900 80 a=5.0400 83 a=3.7200	(tempor)
Mx 	197.5059
T	74 79 87 74 69 86 79 85 w=34.7600	(invidunt)
Mx 	235.2659
T	86 85 w=8.4700	(ut)
Mx 	246.7359
Mx 	2.6400
Mx 	4.5700
Mx 	5.0300
Mx 	5.0400
Mx 	3.6400
Mx 	4.4700
T	77 a=2.6400 66 a=4.5700 67 a=4.9300 80 a=5.0400 83 a=3.7200 70 a=4.4700	(labore)
Mx 	275.1259
T	70 85 w=7.6300	(et)
Mx 	28.8759
My 	51.9564
Mx 	5.0600
Mx 	5.0400
Mx 	2.6400
Mx 	5.0400
Mx 	3.6400
Mx 	4.4700
T	69 a=5.0600 80 a=5.0400 77 a=2.6400 80 a=5.0400 83 a=3.7200 70 a=4.4700	(dolore)
Mx 	57.7659
T	78 66 72 79 66 w=27.4600	(magna)
Mx 	88.2259
T	66 77 74 82 86 90 66 78 w=37.8800	(aliquyam)
Mx 	129.1059
T	70 83 66 85 w=15.9200	(erat)
Mx 	148.0259
Mx 	3.9000
Mx 	4.5400
Mx 	5.0600
T	84 a=3.9000 70 a=4.4700 69 a=5.0600	(sed)
Mx 	164.5259
T	69 74 66 78 w=20.2400	(diam)
Mx 	187.7659
Mx 	4.8900
Mx 	5.0400
Mx 	2.6400
Mx 	5.3100
Mx 	5.1900
Mx 	3.1600
Mx 	5.3100
Mx 	4.5700
T	87 a=4.9700 80 a=5.0400 77 a=2.6400 86 a=5.3100 81 a=5.1900 85 a=3.1600 86 a=5.3100 66 a=4.5700	(voluptua)
Mx 	226.8759
T	66 85 w=7.7300	(at)
Mx 	237.6059
Mx 	4.8900
Mx 	4.4700
Mx 	3.6400
Mx 	5.0400
T	87 a=4.9700 70 a=4.4700 83 a=3.7200 80 a=5.0400	(vero)
Mx 	258.6459
Mx 	4.5400
Mx 	5.0400
Mx 	3.9000
T	70 a=4.4700 80 a=5.0400 84 a=3.9000	(eos)
Mx 	275.1259
T	70 85 w=7.6300	(et)
Mx 	51.3659
My 	63.9564
T	66 68 68 86 84 66 78 w=34.8100	(accusam)
Mx 	89.1759
T	70 85 w=7.6300	(et)
Mx 	99.8059
T	75 86 84 85 80 w=20.1300	(justo)
Mx 	122.9359
T	69 86 80 w=15.4100	(duo)
Mx 	141.3459
Mx 	5.0600
Mx 	5.0400
Mx 	2.6400
Mx 	5.0400
Mx 	3.6400
Mx 	4.4700
Mx 	3.9000
T	69 a=5.0600 80 a=5.0400 77 a=2.6400 80 a=5.0400 83 a=3.7200 70 a=4.4700 84 a=3.9000	(dolores)
Mx 	174.1359
T	70 85 w=7.6300	(et)
Mx 	184.7659
T	70 66 w=9.0400	(ea)
Mx 	196.8059
Mx 	3.6400
Mx 	4.4700
Mx 	4.9300
Mx 	5.3100
Mx 	7.9000
T	83 a=3.7200 70 a=4.4700 67 a=4.9300 86 a=5.3100 78 a=7.9000	(rebum)
Mx 	226.0559
T	84 85 70 85 w=14.6900	(stet)
Mx 	243.7459
T	68 77 74 85 66 w=17.3600	(clita)
Mx 	264.1059
T	76 66 84 69 w=18.6500	(kasd)
Mx 	240.6959
My 	75.9564
Mx 	5.0000
Mx 	5.3100
Mx 	5.0300
Mx 	4.4700
Mx 	3.7200
Mx 	5.0000
Mx 	3.6400
Mx 	4.4700
Mx 	5.4200
T	72 a=5.0000 86 a=5.3100 67 a=4.9300 70 a=4.4700 83 a=3.7200 72 a=5.0000 83 a=3.7200 70 a=4.4700 79 a=5.4200	(gubergren)
Mx 	14.8819
My 	107.9564
Set font 	Libertinus Serif;10;400;Italic;normal;;LTR
Mx 	5.8700
Mx 	4.5700
Mx 	5.0000
Mx 	5.0000
Mx 	4.5400
Mx 	5.0600
T	51 a=5.8700 66 a=4.5700 72 a=5.0000 72 a=5.0000 70 a=4.4700 69 a=5.0600	(Ragged)
Mx 	47.9219
T	83 74 72 73 85 w=19.9700	(right)
Mx 	70.8919
Set font 	Libertinus Serif;10;400;;normal;;LTR
Mx 	2.6400
Mx 	5.0400
Mx 	3.6400
Mx 	4.4700
Mx 	7.9000
T	77 a=2.6400 80 a=5.0400 83 a=3.7200 70 a=4.4700 78 a=7.9000	(lorem)
Mx 	97.5819
T	74 81 84 86 78 w=25.0100	(ipsum)
Mx 	125.5919
T	69 80 77 80 83 w=21.5000	(dolor)
Mx 	150.0919
T	84 74 85 w=9.7700	(sit)
Mx 	162.8619
T	66 78 70 85 w=20.1000	(amet)
Mx 	185.9619
T	68 80 79 84 70 85 70 85 86 83 w=42.9300	(consetetur)
Mx 	231.8919
T	84 66 69 74 81 84 68 74 79 72 w=42.7400	(sadipscing)
Mx 	14.8819
My 	119.9564
T	70 77 74 85 83 w=16.7000	(elitr)
Mx 	34.5819
Mx 	3.9000
Mx 	4.5400
Mx 	5.0600
T	84 a=3.9000 70 a=4.4700 69 a=5.0600	(sed)
Mx 	51.0819
T	69 74 66 78 w=20.2400	(diam)
Mx 	74.3219
T	79 80 79 86 78 90 w=34.2400	(nonumy)
Mx 	111.5619
Mx 	4.4700
Mx 	2.7100
Mx 	3.7200
Mx 	7.9000
Mx 	5.1100
Mx 	5.0600
T	70 a=4.4700 74 a=2.7100 83 a=3.7200 78 a=7.9000 80 a=5.0400 69 a=5.0600	(eirmod)
Mx 	143.5319
Mx 	3.1600
Mx 	4.4700
Mx 	7.9000
Mx 	5.2600
Mx 	5.0400
Mx 	3.7200
T	85 a=3.1600 70 a=4.4700 78 a=7.9000 81 a=5.1900 80 a=5.0400 83 a=3.7200	(tempor)
Mx 	176.0819
T	74 79 87 74 69 86 79 85 w=34.7600	(invidunt)
Mx 	213.8419
T	86 85 w=8.4700	(ut)
Mx 	225.3119
Mx 	2.6400
Mx 	4.5700
Mx 	5.0300
Mx 	5.0400
Mx 	3.6400
Mx 	4.4700
T	77 a=2.6400 66 a=4.5700 67 a=4.9300 80 a=5.0400 83 a=3.7200 70 a=4.4700	(labore)
Mx 	253.7019
T	70 85 w=7.6300	(et)
Mx 	14.8819
My 	131.9564
Mx 	5.0600
Mx 	5.0400
Mx 	2.6400
Mx 	5.0400
Mx 	3.6400
Mx 	4.4700
T	69 a=5.0600 80 a=5.0400 77 a=2.6400 80 a=5.0400 83 a=3.7200 70 a=4.4700	(dolore)
Mx 	43.7719
T	78 66 72 79 66 w=27.4600	(magna)
Mx 	74.2319
T	66 77 74 82 86 90 66 78 w=37.8800	(aliquyam)
Mx 	115.1119
T	70 83 66 85 w=15.9200	(erat)
Mx 	134.0319
Mx 	3.9000
Mx 	4.5400
Mx 	5.0600
T	84 a=3.9000 70 a=4.4700 69 a=5.0600	(sed)
Mx 	150.5319
T	69 74 66 78 w=20.2400	(diam)
Mx 	173.7719
Mx 	4.8900
Mx 	5.0400
Mx 	2.6400
Mx 	5.3100
Mx 	5.1900
Mx 	3.1600
Mx 	5.3100
Mx 	4.5700
T	87 a=4.9700 80 a=5.0400 77 a=2.6400 86 a=5.3100 81 a=5.1900 85 a=3.1600 86 a=5.3100 66 a=4.5700	(voluptua)
Mx 	212.8819
T	66 85 w=7.7300	(at)
Mx 	223.6119
Mx 	4.8900
Mx 	4.4700
Mx 	3.6400
Mx 	5.0400
T	87 a=4.9700 70 a=4.4700 83 a=3.7200 80 a=5.0400	(vero)
Mx 	244.6519
Mx 	4.5400
Mx 	5.0400
Mx 	3.9000
T	70 a=4.4700 80 a=5.0400 84 a=3.9000	(eos)
Mx 	261.1319
T	70 85 w=7.6300	(et)
Mx 	14.8819
My 	143.9564
T	66 68 68 86 84 66 78 w=34.8100	(accusam)
Mx 	52.6919
T	70 85 w=7.6300	(et)
Mx 	63.3219
T	75 86 84 85 80 w=20.1300	(justo)
Mx 	86.4519
T	69 86 80 w=15.4100	(duo)
Mx 	104.8619
Mx 	5.0600
Mx 	5.0400
Mx 	2.6400
Mx 	5.0400
Mx 	3.6400
Mx 	4.4700
Mx 	3.9000
T	69 a=5.0600 80 a=5.0400 77 a=2.6400 80 a=5.0400 83 a=3.7200 70 a=4.4700 84 a=3.9000	(dolores)
Mx 	137.6519
T	70 85 w=7.6300	(et)
Mx 	148.2819
T	70 66 w=9.0400	(ea)
Mx 	160.3219
Mx 	3.6400
Mx 	4.4700
Mx 	4.9300
Mx 	5.3100
Mx 	7.9000
T	83 a=3.7200 70 a=4.4700 67 a=4.9300 86 a=5.3100 78 a=7.9000	(rebum)
Mx 	189.5719
T	84 85 70 85 w=14.6900	(stet)
Mx 	207.2619
T	68 77 74 85 66 w=17.3600	(clita)
Mx 	227.6219
T	76 66 84 69 w=18.6500	(kasd)
Mx 	14.8819
My 	155.9564
Mx 	5.0000
Mx 	5.3100
Mx 	5.0300
Mx 	4.4700
Mx 	3.7200
Mx 	5.0000
Mx 	3.6400
Mx 	4.4700
Mx 	5.4200
T	72 a=5.0000 86 a=5.3100 67 a=4.9300 70 a=4.4700 83 a=3.7200 72 a=5.0000 83 a=3.7200 70 a=4.4700 79 a=5.4200	(gubergren)
Mx 	16.9889
My 	187.9564
Set font 	Libertinus Serif;10;400;Italic;normal;;LTR
Mx 	6.4600
Mx 	4.4700
Mx 	5.4200
Mx 	3.1600
Mx 	4.4700
Mx 	3.6400
Mx 	4.5400
Mx 	5.0600
T	36 a=6.4600 70 a=4.4700 79 a=5.4200 85 a=3.1600 70 a=4.4700 83 a=3.7200 70 a=4.4700 69 a=5.0600	(Centered)
Mx 	57.2089
Set font 	Libertinus Serif;10;400;;normal;;LTR
Mx 	2.6400
Mx 	5.0400
Mx 	3.6400
Mx 	4.4700
Mx 	7.9000
T	77 a=2.6400 80 a=5.0400 83 a=3.7200 70 a=4.4700 78 a=7.9000	(lorem)
Mx 	83.8989
T	74 81 84 86 78 w=25.0100	(ipsum)
Mx 	111.9089
T	69 80 77 80 83 w=21.5000	(dolor)
Mx 	136.4089
T	84 74 85 w=9.7700	(sit)
Mx 	149.1789
T	66 78 70 85 w=20.1000	(amet)
Mx 	172.2789
T	68 80 79 84 70 85 70 85 86 83 w=42.9300	(consetetur)
Mx 	218.2089
T	84 66 69 74 81 84 68 74 79 72 w=42.7400	(sadipscing)
Mx 	263.9489
T	70 77 74 85 83 w=16.7000	(elitr)
Mx 	20.9989
My 	199.9564
Mx 	3.9000
Mx 	4.5400
Mx 	5.0600
T	84 a=3.9000 70 a=4.4700 69 a=5.0600	(sed)
Mx 	37.4989
T	69 74 66 78 w=20.2400	(diam)
Mx 	60.7389
T	79 80 79 86 78 90 w=34.2400	(nonumy)
Mx 	97.9789
Mx 	4.4700
Mx 	2.7100
Mx 	3.7200
Mx 	7.9000
Mx 	5.1100
Mx 	5.0600
T	70 a=4.4700 74 a=2.7100 83 a=3.7200 78 a=7.9000 80 a=5.0400 69 a=5.0600	(eirmod)
Mx 	129.9489
Mx 	3.1600
Mx 	4.4700
Mx 	7.9000
Mx 	5.2600
Mx 	5.0400
Mx 	3.7200
T	85 a=3.1600 70 a=4.4700 78 a=7.9000 81 a=5.1900 80 a=5.0400 83 a=3.7200	(tempor)
Mx 	162.4989
T	74 79 87 74 69 86 79 85 w=34.7600	(invidunt)
Mx 	200.2589
T	86 85 w=8.4700	(ut)
Mx 	211.7289
Mx 	2.6400
Mx 	4.5700
Mx 	5.0300
Mx 	5.0400
Mx 	3.6400
Mx 	4.4700
T	77 a=2.6400 66 a=4.5700 67 a=4.9300 80 a=5.0400 83 a=3.7200 70 a=4.4700	(labore)
Mx 	240.1189
T	70 85 w=7.6300	(et)
Mx 	250.7489
Mx 	5.0600
Mx 	5.0400
Mx 	2.6400
Mx 	5.0400
Mx 	3.6400
Mx 	4.4700
T	69 a=5.0600 80 a=5.0400 77 a=2.6400 80 a=5.0400 83 a=3.7200 70 a=4.4700	(dolore)
Mx 	17.4189
My 	211.9564
T	78 66 72 79 66 w=27.4600	(magna)
Mx 	47.8789
T	66 77 74 82 86 90 66 78 w=37.8800	(aliquyam)
Mx 	88.7589
T	70 83 66 85 w=15.9200	(erat)
Mx 	107.6789
Mx 	3.9000
Mx 	4.5400
Mx 	5.0600
T	84 a=3.9000 70 a=4.4700 69 a=5.0600	(sed)
Mx 	124.1789
T	69 74 66 78 w=20.2400	(diam)
Mx 	147.4189
Mx 	4.8900
Mx 	5.0400
Mx 	2.6400
Mx 	5.3100
Mx 	5.1900
Mx 	3.1600
Mx 	5.3100
Mx 	4.5700
T	87 a=4.9700 80 a=5.0400 77 a=2.6400 86 a=5.3100 81 a=5.1900 85 a=3.1600 86 a=5.3100 66 a=4.5700	(voluptua)
Mx 	186.5289
T	66 85 w=7.7300	(at)
Mx 	197.2589
Mx 	4.8900
Mx 	4.4700
Mx 	3.6400
Mx 	5.0400
T	87 a=4.9700 70 a=4.4700 83 a=3.7200 80 a=5.0400	(vero)
Mx 	218.2989
Mx 	4.5400
Mx 	5.0400
Mx 	3.9000
T	70 a=4.4700 80 a=5.0400 84 a=3.9000	(eos)
Mx 	234.7789
T	70 85 w=7.6300	(et)
Mx 	245.4089
T	66 68 68 86 84 66 78 w=34.8100	(accusam)
Mx 	29.4989
My 	223.9564
T	70 85 w=7.6300	(et)
Mx 	40.1289
T	75 86 84 85 80 w=20.1300	(justo)
Mx 	63.2589
T	69 86 80 w=15.4100	(duo)
Mx 	81.6689
Mx 	5.0600
Mx 	5.0400
Mx 	2.6400
Mx 	5.0400
Mx 	3.6400
Mx 	4.4700
Mx 	3.9000
T	69 a=5.0600 80 a=5.0400 77 a=2.6400 80 a=5.0400 83 a=3.7200 70 a=4.4700 84 a=3.9000	(dolores)
Mx 	114.4589
T	70 85 w=7.6300	(et)
Mx 	125.0889
T	70 66 w=9.0400	(ea)
Mx 	137.1289
Mx 	3.6400
Mx 	4.4700
Mx 	4.9300
Mx 	5.3100
Mx 	7.9000
T	83 a=3.7200 70 a=4.4700 67 a=4.9300 86 a=5.3100 78 a=7.9000	(rebum)
Mx 	166.3789
T	84 85 70 85 w=14.6900	(stet)
Mx 	184.0689
T	68 77 74 85 66 w=17.3600	(clita)
Mx 	204.4289
T	76 66 84 69 w=18.6500	(kasd)
Mx 	226.0789
Mx 	5.0000
Mx 	5.3100
Mx 	5.0300
Mx 	4.4700
Mx 	3.7200
Mx 	5.0000
Mx 	3.6400
Mx 	4.4700
Mx 	5.4200
T	72 a=5.0000 86 a=5.3100 67 a=4.9300 70 a=4.4700 83 a=3.7200 72 a=5.0000 83 a=3.7200 70 a=4.4700 79 a=5.4200	(gubergren)
Mx 	34.8819
My 	255.9564
Set font 	Libertinus Serif;10;400;Italic;normal;;LTR
Mx 	3.2200
Mx 	5.3100
Mx 	3.9000
Mx 	3.1600
Mx 	2.7100
Mx 	5.6000
Mx 	4.5400
Mx 	5.0600
T	43 a=3.2200 86 a=5.3100 84 a=3.9000 85 a=3.1600 74 a=2.7100 2361 a=5.6000 70 a=4.4700 69 a=5.0600	(Justified)
Mx 	72.4725
Set font 	Libertinus Serif;10;400;;normal;;LTR
Mx 	2.6400
Mx 	5.0400
Mx 	3.6400
Mx 	4.4700
Mx 	7.9000
T	77 a=2.6400 80 a=5.0400 83 a=3.7200 70 a=4.4700 78 a=7.9000	(lorem)
Mx 	100.2530
T	74 81 84 86 78 w=25.0100	(ipsum)
Mx 	129.3536
T	69 80 77 80 83 w=21.5000	(dolor)
Mx 	154.9442
T	84 74 85 w=9.7700	(sit)
Mx 	168.8048
T	66 78 70 85 w=20.1000	(amet)
Mx 	192.9953
T	68 80 79 84 70 85 70 85 86 83 w=42.9300	(consetetur)
Mx 	240.0159
T	84 66 69 74 81 84 68 74 79 72 w=42.7400	(sadipscing)
Mx 	14.8819
My 	267.9564
T	70 77 74 85 83 w=16.7000	(elitr)
Mx 	33.8353
Mx 	3.9000
Mx 	4.5400
Mx 	5.0600
T	84 a=3.9000 70 a=4.4700 69 a=5.0600	(sed)
Mx 	49.5887
T	69 74 66 78 w=20.2400	(diam)
Mx 	72.0821
T	79 80 79 86 78 90 w=34.2400	(nonumy)
Mx 	108.5755
Mx 	4.4700
Mx 	2.7100
Mx 	3.7200
Mx 	7.9000
Mx 	5.1100
Mx 	5.0600
T	70 a=4.4700 74 a=2.7100 83 a=3.7200 78 a=7.9000 80 a=5.0400 69 a=5.0600	(eirmod)
Mx 	139.7989
Mx 	3.1600
Mx 	4.4700
Mx 	7.9000
Mx 	5.2600
Mx 	5.0400
Mx 	3.7200
T	85 a=3.1600 70 a=4.4700 78 a=7.9000 81 a=5.1900 80 a=5.0400 83 a=3.7200	(tempor)
Mx 	171.6023
T	74 79 87 74 69 86 79 85 w=34.7600	(invidunt)
Mx 	208.6157
T	86 85 w=8.4700	(ut)
Mx 	219.3391
Mx 	2.6400
Mx 	4.5700
Mx 	5.0300
Mx 	5.0400
Mx 	3.6400
Mx 	4.4700
T	77 a=2.6400 66 a=4.5700 67 a=4.9300 80 a=5.0400 83 a=3.7200 70 a=4.4700	(labore)
Mx 	246.9825
T	70 85 w=7.6300	(et)
Mx 	256.8659
Mx 	5.0600
Mx 	5.0400
Mx 	2.6400
Mx 	5.0400
Mx 	3.6400
Mx 	4.4700
T	69 a=5.0600 80 a=5.0400 77 a=2.6400 80 a=5.0400 83 a=3.7200 70 a=4.4700	(dolore)
Mx 	14.8819
My 	279.9564
T	78 66 72 79 66 w=27.4600	(magna)
Mx 	45.8493
T	66 77 74 82 86 90 66 78 w=37.8800	(aliquyam)
Mx 	87.2367
T	70 83 66 85 w=15.9200	(erat)
Mx 	106.6641
Mx 	3.9000
Mx 	4.5400
Mx 	5.0600
T	84 a=3.9000 70 a=4.4700 69 a=5.0600	(sed)
Mx 	123.6715
T	69 74 66 78 w=20.2400	(diam)
Mx 	147.4189
Mx 	4.8900
Mx 	5.0400
Mx 	2.6400
Mx 	5.3100
Mx 	5.1900
Mx 	3.1600
Mx 	5.3100
Mx 	4.5700
T	87 a=4.9700 80 a=5.0400 77 a=2.6400 86 a=5.3100 81 a=5.1900 85 a=3.1600 86 a=5.3100 66 a=4.5700	(voluptua)
Mx 	187.0363
T	66 85 w=7.7300	(at)
Mx 	198.2737
Mx 	4.8900
Mx 	4.4700
Mx 	3.6400
Mx 	5.0400
T	87 a=4.9700 70 a=4.4700 83 a=3.7200 80 a=5.0400	(vero)
Mx 	219.8211
Mx 	4.5400
Mx 	5.0400
Mx 	3.9000
T	70 a=4.4700 80 a=5.0400 84 a=3.9000	(eos)
Mx 	236.8085
T	70 85 w=7.6300	(et)
Mx 	247.9459
T	66 68 68 86 84 66 78 w=34.8100	(accusam)
Mx 	14.8819
My 	291.9564
T	70 85 w=7.6300	(et)
Mx 	25.5155
T	75 86 84 85 80 w=20.1300	(justo)
Mx 	48.6492
T	69 86 80 w=15.4100	(duo)
Mx 	67.0628
Mx 	5.0600
Mx 	5.0400
Mx 	2.6400
Mx 	5.0400
Mx 	3.6400
Mx 	4.4700
Mx 	3.9000
T	69 a=5.0600 80 a=5.0400 77 a=2.6400 80 a=5.0400 83 a=3.7200 70 a=4.4700 84 a=3.9000	(dolores)
Mx 	99.8565
T	70 85 w=7.6300	(et)
Mx 	110.4901
T	70 66 w=9.0400	(ea)
Mx 	122.5338
Mx 	3.6400
Mx 	4.4700
Mx 	4.9300
Mx 	5.3100
Mx 	7.9000
T	83 a=3.7200 70 a=4.4700 67 a=4.9300 86 a=5.3100 78 a=7.9000	(rebum)
Mx 	151.7874
T	84 85 70 85 w=14.6900	(stet)
Mx 	169.4811
T	68 77 74 85 66 w=17.3600	(clita)
Mx 	189.8447
T	76 66 84 69 w=18.6500	(kasd)
Mx 	211.4984
Mx 	5.0000
Mx 	5.3100
Mx 	5.0300
Mx 	4.4700
Mx 	3.7200
Mx 	5.0000
Mx 	3.6400
Mx 	4.4700
Mx 	5.4200
T	72 a=5.0000 86 a=5.3100 67 a=4.9300 70 a=4.4700 83 a=3.7200 72 a=5.0000 83 a=3.7200 70 a=4.4700 79 a=5.4200	(gubergren)
Mx 	135.7259
My 	323.9564
Set font 	Libertinus Serif;10;400;Italic;normal;;LTR
T	51 74 72 73 85 w=22.1200	(Right)
Mx 	160.8459
Mx 	4.5700
Mx 	2.6400
Mx 	2.7100
Mx 	5.0000
Mx 	5.4200
Mx 	4.5400
Mx 	5.0600
T	66 a=4.5700 77 a=2.6400 74 a=2.7100 72 a=5.0000 79 a=5.4200 70 a=4.4700 69 a=5.0600	(aligned)
Mx 	193.7859
Set font 	Libertinus Serif;10;400;;normal;;LTR
Mx 	2.6400
Mx 	5.0400
Mx 	3.6400
Mx 	4.4700
Mx 	7.9000
T	77 a=2.6400 80 a=5.0400 83 a=3.7200 70 a=4.4700 78 a=7.9000	(lorem)
Mx 	220.4759
T	74 81 84 86 78 w=25.0100	(ipsum)
Mx 	248.4859
T	69 80 77 80 83 w=21.5000	(dolor)
Mx 	272.9859
T	84 74 85 w=9.7700	(sit)
End page
Finish
