Set paper size 	297.6377985	419.5275636
Begin page
Mx 	14.8819
My 	20.9764
Mx 	34.8819
My 	381.3449
Set font 	Noto Naskh Arabic;18;400;;normal;;RTL
T	35 3 w=18.1800	(اب)
Mx 	57.8425
T	498 597 485 w=25.2180	(میں)
Mx 	87.8411
T	260 262 537 378 w=46.0440	(کوشش)
Mx 	138.6657
Mx 	12.3660
Mx 	11.8440
Mx 	4.2840
T	596 a=12.3660 250 a=11.8440 1423 x=0.8820 y=-1.6920 3 a=4.2840	(اِسی)
Mx 	171.9403
T	498 597 518 w=21.9600	(ہیں)
Mx 	198.6809
T	632 250 w=21.9240	(سے)
Mx 	225.3855
T	36 378 w=22.1760	(کب)
New page
Mx 	34.8819
My 	33.0544
T	35 3 w=18.1800	(اب)
Mx 	57.8425
T	498 597 485 w=25.2180	(میں)
Mx 	87.8411
T	260 262 537 378 w=46.0440	(کوشش)
Mx 	138.6657
Mx 	12.3660
Mx 	11.8440
Mx 	4.2840
T	596 a=12.3660 250 a=11.8440 1423 x=0.8820 y=-1.6920 3 a=4.2840	(اِسی)
Mx 	171.9403
T	498 597 518 w=21.9600	(ہیں)
Mx 	198.6809
T	632 250 w=21.9240	(سے)
Mx 	225.3855
T	36 378 w=22.1760	(کب)
End page
Finish
