Set paper size 	297.6377985	419.5275636
Begin page
Mx 	29.8819
My 	29.3016
Set font 	Gentium Plus;11;400;;normal;;LTR
T	100 129 81 78 129 w=28.9878	(Çünkü)
Mx 	60.9691
T	48 129 77 71 72 183 71 72 81 w=47.7329	(Müjde’den)
Mx 	110.8014
T	88 87 68 81 80 215 92 82 85 88 80 w=62.5249	(utanmıyorum)
Mx 	173.3263
T	17 w=2.5190	(.)
Mx 	177.9447
T	48 129 77 71 72 w=28.3433	(Müjde)
Mx 	208.3873
T	76 80 68 81 w=22.9346	(iman)
Mx 	233.4213
T	72 71 72 81 w=21.9517	(eden)
Mx 	257.4723
T	75 72 85 w=15.5063	(her)
Mx 	272.9787
T	16 w=3.7061	(-)
Mx 	29.8819
My 	42.5016
T	78 72 w=10.4468	(ke)
Mx 	40.3287
T	86 76 81 w=13.2988	(sin)
Mx 	55.7896
T	178 w=5.1616	(–)
Mx 	60.9512
T	124 81 70 72 w=21.4897	(önce)
Mx 	84.6031
T	60 68 75 88 71 76 79 72 85 183 76 81 w=56.1709	(Yahudiler’in)
Mx 	140.7740
T	15 w=2.5190	(,)
Mx 	145.4551
T	86 82 81 85 68 w=25.2549	(sonra)
Mx 	172.8721
T	60 68 75 88 71 76 w=32.1836	(Yahudi)
Mx 	207.2178
T	82 79 80 68 92 68 81 79 68 85 215 81 w=60.3765	(olmayanların)
Mx 	267.5943
T	178 w=5.1616	(–)
Mx 	29.8819
My 	55.7016
T	78 88 85 87 88 79 88 1578 88 w=44.0483	(kurtuluşu)
Mx 	76.8502
T	76 111 76 81 w=16.8384	(için)
Mx 	96.6086
T	55 68 81 85 215 w=24.5137	(Tanrı)
Mx 	124.0422
T	74 129 70 129 71 129 85 w=37.7319	(gücüdür)
Mx 	161.7741
T	17 w=2.5190	(.)
End page
Finish
