Set paper size 	297.6377985	419.5275636
Begin page
Mx 	14.8819
My 	28.5447
Set font 	Gentium Book;10;400;;normal;;;LTR;
T	39 82 72 w=15.8691	(Doe)
Mx 	30.7510
T	15 w=2.4268	(,)
Mx 	35.3808
T	45 w=3.1494	(J)
Mx 	38.5302
T	17 w=2.4268	(.)
Mx 	43.1599
T	68 81 71 w=15.6787	(and)
Mx 	61.0416
Mx 	4.8828
Mx 	8.1689
Mx 	2.8076
Mx 	3.3838
Mx 	5.6152
T	54 a=4.8828 80 a=8.1689 76 a=2.8076 87 a=3.5303 75 a=5.6152	(Smith)
T	15 w=2.4268	(,)
Mx 	90.5297
T	45 w=3.1494	(J)
Mx 	93.6791
T	17 w=2.4268	(.)
Mx 	96.1059
T	15 w=2.4268	(,)
Mx 	100.7356
Set font 	Gentium Book;10;400;Italic;normal;;;LTR;
T	36 w=5.6787	(A)
Mx 	108.4171
T	37 82 82 78 w=18.2178	(Book)
Mx 	126.6348
Set font 	Gentium Book;10;400;;normal;;;LTR;
T	17 w=2.4268	(.)
Mx 	131.2646
Mx 	5.3613
Mx 	4.0234
Mx 	4.7266
Mx 	5.6152
Mx 	3.8232
Mx 	2.8076
Mx 	4.7266
Mx 	3.5303
Mx 	4.6924
Mx 	5.3369
T	55 a=5.6055 85 a=4.1211 68 a=4.7266 81 a=5.6152 86 a=3.9697 79 a=2.8076 68 a=4.7266 87 a=3.5303 72 a=4.6924 71 a=5.3369	(Translated)
Mx 	178.1111
Mx 	5.0293
Mx 	4.9805
T	69 a=5.1758 92 a=4.9805	(by)
Mx 	190.3238
Mx 	4.9854
Mx 	4.6924
Mx 	3.5303
Mx 	4.6924
Mx 	4.1211
T	51 a=5.3760 72 a=4.6924 87 a=3.5303 72 a=4.6924 85 a=4.1211	(Peter)
Mx 	214.5483
Mx 	5.3760
Mx 	5.4102
Mx 	8.1689
Mx 	5.3955
Mx 	4.6924
Mx 	4.1211
Mx 	5.6152
Mx 	2.8076
Mx 	4.2871
Mx 	4.8828
Mx 	4.6924
Mx 	2.8076
T	51 a=5.3760 88 a=5.4102 80 a=8.1689 83 a=5.3955 72 a=4.6924 85 a=4.1211 81 a=5.6152 76 a=2.8076 70 a=4.4336 78 a=5.0781 72 a=4.6924 79 a=2.8076	(Pumpernickel)
T	17 w=2.4268	(.)
Mx 	14.8819
My 	40.5447
T	39 82 72 w=15.8691	(Doe)
Mx 	32.9666
T	72 87 w=8.2227	(et)
Mx 	43.4049
T	68 79 w=7.5342	(al)
Mx 	50.9391
T	17 w=2.4268	(.)
Mx 	53.3658
T	15 w=2.4268	(,)
Mx 	58.0082
Mx 	3.4814
T	180 a=4.5557	(“)
T	36 w=6.0645	(A)
Mx 	69.7697
Mx 	5.1660
Mx 	4.7266
Mx 	2.8076
Mx 	4.6924
T	55 a=5.6055 68 a=4.7266 79 a=2.8076 72 a=4.6924	(Tale)
Mx 	89.3779
T	82 73 w=8.3105	(of)
Mx 	99.9041
Mx 	4.4873
Mx 	5.1025
Mx 	5.4102
Mx 	4.1211
T	41 a=4.8779 82 a=5.1025 88 a=5.4102 85 a=4.1211	(Four)
Mx 	121.2408
Mx 	6.0645
Mx 	5.4102
Mx 	3.3838
Mx 	5.6152
Mx 	5.1025
Mx 	4.0234
Mx 	3.9697
T	36 a=6.0645 88 a=5.4102 87 a=3.5303 75 a=5.6152 82 a=5.1025 85 a=4.1211 86 a=3.9697	(Authors)
Mx 	1.1084
T	17 a=2.4268	(.)
T	181 w=4.5557	(”)
Mx 	14.8819
My 	52.5447
T	39 82 72 w=15.8691	(Doe)
Mx 	30.7510
T	15 w=2.4268	(,)
Mx 	35.3808
T	45 w=3.1494	(J)
Mx 	38.5302
T	17 w=2.4268	(.)
Mx 	43.1599
T	68 81 71 w=15.6787	(and)
Mx 	61.0416
Mx 	4.8828
Mx 	8.1689
Mx 	2.8076
Mx 	3.3838
Mx 	5.6152
T	54 a=4.8828 80 a=8.1689 76 a=2.8076 87 a=3.5303 75 a=5.6152	(Smith)
T	15 w=2.4268	(,)
Mx 	90.5297
T	45 w=3.1494	(J)
Mx 	93.6791
T	17 w=2.4268	(.)
Mx 	96.1059
T	15 w=2.4268	(,)
Mx 	100.7356
Set font 	Gentium Book;10;400;Italic;normal;;;LTR;
T	36 w=5.6787	(A)
Mx 	108.4171
T	37 82 82 78 w=18.2178	(Book)
Mx 	126.6348
Set font 	Gentium Book;10;400;;normal;;;LTR;
T	17 w=2.4268	(.)
Mx 	131.2646
Mx 	5.3613
Mx 	4.0234
Mx 	4.7266
Mx 	5.6152
Mx 	3.8232
Mx 	2.8076
Mx 	4.7266
Mx 	3.5303
Mx 	4.6924
Mx 	5.3369
T	55 a=5.6055 85 a=4.1211 68 a=4.7266 81 a=5.6152 86 a=3.9697 79 a=2.8076 68 a=4.7266 87 a=3.5303 72 a=4.6924 71 a=5.3369	(Translated)
Mx 	178.1111
Mx 	5.0293
Mx 	4.9805
T	69 a=5.1758 92 a=4.9805	(by)
Mx 	190.3238
Mx 	4.9854
Mx 	4.6924
Mx 	3.5303
Mx 	4.6924
Mx 	4.1211
T	51 a=5.3760 72 a=4.6924 87 a=3.5303 72 a=4.6924 85 a=4.1211	(Peter)
Mx 	214.5483
Mx 	5.3760
Mx 	5.4102
Mx 	8.1689
Mx 	5.3955
Mx 	4.6924
Mx 	4.1211
Mx 	5.6152
Mx 	2.8076
Mx 	4.2871
Mx 	4.8828
Mx 	4.6924
Mx 	2.8076
T	51 a=5.3760 88 a=5.4102 80 a=8.1689 83 a=5.3955 72 a=4.6924 85 a=4.1211 81 a=5.6152 76 a=2.8076 70 a=4.4336 78 a=5.0781 72 a=4.6924 79 a=2.8076	(Pumpernickel)
T	17 w=2.4268	(.)
End page
Finish
