Set paper size 	425.196855	170.078742
Begin page
Mx 	21.2598
My 	16.5739
Set font 	;10;400;;normal;;LTR;.fonts/NotoSerifCJK-Regular.ttc
Mx 	5.5700
Mx 	5.1900
Mx 	6.5500
Mx 	4.4000
Mx 	5.9400
Mx 	6.1700
Mx 	3.2500
Mx 	6.5800
Mx 	5.5200
Mx 	5.4900
Mx 	4.5400
T	52 a=5.5700 68 a=5.2900 73 a=6.5500 83 a=4.5400 180 a=5.9400 69 a=6.1700 74 a=3.2500 79 a=6.5800 72 a=5.6000 70 a=5.4900 83 a=4.5400	(Schrödinger)
Mx 	83.5959
T	805 w=10.0000	(⇒)
Mx 	21.2598
My 	28.8939
Mx 	3.6800
Mx 	5.4200
Mx 	7.1400
Mx 	5.3900
Mx 	5.3900
Mx 	5.3900
Mx 	5.3900
Mx 	5.3900
Mx 	5.3900
Mx 	5.3900
Mx 	5.3900
Mx 	5.3900
Mx 	5.3900
Mx 	5.3900
Mx 	5.3900
Mx 	5.3900
Mx 	5.3900
Mx 	5.3900
Mx 	5.3900
Mx 	5.3900
Mx 	5.3900
Mx 	3.8500
Mx 	5.3900
Mx 	5.3900
Mx 	5.3900
Mx 	5.3900
Mx 	5.3900
Mx 	5.3900
Mx 	5.3900
Mx 	5.3900
Mx 	5.3900
Mx 	5.3900
Mx 	5.3900
Mx 	5.3900
Mx 	5.4900
Mx 	5.3900
Mx 	5.3900
Mx 	5.3900
Mx 	5.3900
Mx 	5.3900
Mx 	5.3900
Mx 	5.3900
Mx 	5.3900
Mx 	5.3900
Mx 	5.3900
Mx 	5.3900
Mx 	5.3900
T	71 a=3.8500 70 a=5.4900 59871 a=7.1400 62294 a=5.3900 62294 a=5.3900 62299 a=5.3900 62297 a=5.3900 62294 a=5.3900 62294 a=5.3900 62300 a=5.3900 62297 a=5.3900 62294 a=5.3900 62294 a=5.3900 62300 a=5.3900 62302 a=5.3900 62294 a=5.3900 62294 a=5.3900 62301 a=5.3900 62296 a=5.3900 62294 a=5.3900 62294 a=5.3900 71 a=3.8500 62300 a=5.3900 62294 a=5.3900 62294 a=5.3900 62300 a=5.3900 62298 a=5.3900 62294 a=5.3900 62294 a=5.3900 62300 a=5.3900 62303 a=5.3900 62294 a=5.3900 62294 a=5.3900 62300 a=5.3900 70 a=5.4900 62294 a=5.3900 62294 a=5.3900 62300 a=5.3900 62301 a=5.3900 62294 a=5.3900 62294 a=5.3900 62300 a=5.3900 62299 a=5.3900 62294 a=5.3900 62294 a=5.3900 62301 a=5.3900 62296 a=5.3900	(feff005300630068007200f600640069006e006700650072)
Mx 	276.3221
T	789 w=10.0000	(→)
Mx 	289.4244
T	1322 w=6.4600	(✓)
Mx 	295.8844
Mx 	5.5700
Mx 	5.1900
Mx 	6.5500
Mx 	4.4000
Mx 	5.9400
Mx 	6.1700
Mx 	3.2500
Mx 	6.5800
Mx 	5.5200
Mx 	5.4900
Mx 	4.5400
T	52 a=5.5700 68 a=5.2900 73 a=6.5500 83 a=4.5400 180 a=5.9400 69 a=6.1700 74 a=3.2500 79 a=6.5800 72 a=5.6000 70 a=5.4900 83 a=4.5400	(Schrödinger)
Mx 	21.2598
My 	41.2139
T	62294 62294 62299 62297 62294 62294 62300 62297 62294 62294 62300 62302 62294 62294 62301 62296 62294 62294 71 62300 62294 62294 62300 62298 62294 62294 62300 62303 62294 62294 62300 70 62294 62294 62300 62301 62294 62294 62300 62299 62294 62294 62301 62296 w=235.7200	(005300630068007200f600640069006e006700650072)
Mx 	260.0842
T	789 w=10.0000	(→)
Mx 	273.1886
T	1322 w=6.4600	(✓)
Mx 	279.6486
Mx 	5.5700
Mx 	5.1900
Mx 	6.5500
Mx 	4.4000
Mx 	5.9400
Mx 	6.1700
Mx 	3.2500
Mx 	6.5800
Mx 	5.5200
Mx 	5.4900
Mx 	4.5400
T	52 a=5.5700 68 a=5.2900 73 a=6.5500 83 a=4.5400 180 a=5.9400 69 a=6.1700 74 a=3.2500 79 a=6.5800 72 a=5.6000 70 a=5.4900 83 a=4.5400	(Schrödinger)
Mx 	21.2598
My 	53.5339
Mx 	7.1400
Mx 	3.6800
Mx 	5.4900
Mx 	5.3900
Mx 	5.3900
Mx 	5.3900
Mx 	5.3900
Mx 	5.3900
Mx 	5.3900
Mx 	5.3900
Mx 	5.3900
Mx 	5.3900
Mx 	5.3900
Mx 	5.3900
Mx 	5.3900
Mx 	5.3900
Mx 	5.3900
Mx 	5.3900
Mx 	5.3900
Mx 	3.8500
Mx 	5.3900
Mx 	5.3900
Mx 	5.3900
Mx 	5.3900
Mx 	5.3900
Mx 	5.3900
Mx 	5.3900
Mx 	5.3900
Mx 	5.3900
Mx 	5.3900
Mx 	5.3900
Mx 	5.3900
Mx 	5.4900
Mx 	5.3900
Mx 	5.3900
Mx 	5.3900
Mx 	5.3900
Mx 	5.3900
Mx 	5.3900
Mx 	5.3900
Mx 	5.3900
Mx 	5.3900
Mx 	5.3900
Mx 	5.3900
Mx 	5.3900
Mx 	5.3900
Mx 	5.3900
T	59871 a=7.1400 71 a=3.8500 70 a=5.4900 62299 a=5.3900 62297 a=5.3900 62294 a=5.3900 62294 a=5.3900 62300 a=5.3900 62297 a=5.3900 62294 a=5.3900 62294 a=5.3900 62300 a=5.3900 62302 a=5.3900 62294 a=5.3900 62294 a=5.3900 62301 a=5.3900 62296 a=5.3900 62294 a=5.3900 62294 a=5.3900 71 a=3.8500 62300 a=5.3900 62294 a=5.3900 62294 a=5.3900 62300 a=5.3900 62298 a=5.3900 62294 a=5.3900 62294 a=5.3900 62300 a=5.3900 62303 a=5.3900 62294 a=5.3900 62294 a=5.3900 62300 a=5.3900 70 a=5.4900 62294 a=5.3900 62294 a=5.3900 62300 a=5.3900 62301 a=5.3900 62294 a=5.3900 62294 a=5.3900 62300 a=5.3900 62299 a=5.3900 62294 a=5.3900 62294 a=5.3900 62301 a=5.3900 62296 a=5.3900 62294 a=5.3900 62294 a=5.3900	(fffe5300630068007200f600640069006e00670065007200)
Mx 	276.3921
T	789 w=10.0000	(→)
Mx 	289.4944
T	1322 w=6.4600	(✓)
Mx 	295.9544
Mx 	5.5700
Mx 	5.1900
Mx 	6.5500
Mx 	4.4000
Mx 	5.9400
Mx 	6.1700
Mx 	3.2500
Mx 	6.5800
Mx 	5.5200
Mx 	5.4900
Mx 	4.5400
T	52 a=5.5700 68 a=5.2900 73 a=6.5500 83 a=4.5400 180 a=5.9400 69 a=6.1700 74 a=3.2500 79 a=6.5800 72 a=5.6000 70 a=5.4900 83 a=4.5400	(Schrödinger)
Mx 	21.2598
My 	65.8539
T	62299 62297 62294 62294 62300 62297 62294 62294 62300 62302 62294 62294 62301 62296 62294 62294 71 62300 62294 62294 62300 62298 62294 62294 62300 62303 62294 62294 62300 70 62294 62294 62300 62301 62294 62294 62300 62299 62294 62294 62301 62296 62294 62294 w=235.7200	(5300630068007200f600640069006e00670065007200)
Mx 	260.0842
T	789 w=10.0000	(→)
Mx 	273.1886
T	1322 w=6.4600	(✓)
Mx 	279.6486
Mx 	5.5700
Mx 	5.1900
Mx 	6.5500
Mx 	4.4000
Mx 	5.9400
Mx 	6.1700
Mx 	3.2500
Mx 	6.5800
Mx 	5.5200
Mx 	5.4900
Mx 	4.5400
T	52 a=5.5700 68 a=5.2900 73 a=6.5500 83 a=4.5400 180 a=5.9400 69 a=6.1700 74 a=3.2500 79 a=6.5800 72 a=5.6000 70 a=5.4900 83 a=4.5400	(Schrödinger)
Mx 	21.2598
My 	77.8539
T	26728 w=10.0000	(猫)
Mx 	31.2598
T	60429 w=10.0000	(𠂤)
Mx 	41.2598
T	95 w=5.7600	(~)
Mx 	50.1602
T	805 w=10.0000	(⇒)
Mx 	21.2598
My 	89.8539
Mx 	3.6800
Mx 	5.4200
Mx 	7.1400
Mx 	5.3900
Mx 	5.3900
Mx 	5.3900
Mx 	6.2700
Mx 	6.1700
Mx 	5.3900
Mx 	5.3900
Mx 	5.3900
Mx 	6.1700
Mx 	5.2900
Mx 	5.5200
Mx 	5.3900
Mx 	5.3900
Mx 	5.3900
Mx 	5.3900
Mx 	5.4900
T	71 a=3.8500 70 a=5.4900 59871 a=7.1400 62301 a=5.3900 62297 a=5.3900 62296 a=5.3900 67 a=6.2700 69 a=6.1700 62302 a=5.3900 62298 a=5.3900 62294 a=5.3900 69 a=6.1700 68 a=5.2900 66 a=5.5200 62298 a=5.3900 62294 a=5.3900 62294 a=5.3900 62301 a=5.3900 70 a=5.4900	(feff732bd840dca4007e)
Mx 	129.4354
T	789 w=10.0000	(→)
Mx 	142.5610
T	1322 w=6.4600	(✓)
Mx 	149.0210
T	26728 w=10.0000	(猫)
Mx 	159.0210
T	60429 w=10.0000	(𠂤)
Mx 	169.0210
T	95 w=5.7600	(~)
Mx 	21.2598
My 	101.8539
T	62301 62297 62296 67 69 62302 62298 62294 69 68 66 62298 62294 62294 62301 70 w=88.8100	(732bd840dca4007e)
Mx 	113.1975
T	789 w=10.0000	(→)
Mx 	126.3252
T	1322 w=6.4600	(✓)
Mx 	132.7852
T	26728 w=10.0000	(猫)
Mx 	142.7852
T	60429 w=10.0000	(𠂤)
Mx 	152.7852
T	95 w=5.7600	(~)
Mx 	21.2598
My 	113.8539
Mx 	7.1400
Mx 	3.6800
Mx 	5.4900
Mx 	5.3900
Mx 	6.2700
Mx 	5.3900
Mx 	5.3900
Mx 	5.3900
Mx 	5.3900
Mx 	6.1700
Mx 	5.3900
Mx 	5.5200
Mx 	5.3900
Mx 	6.1700
Mx 	5.2900
Mx 	5.3900
Mx 	5.4900
Mx 	5.3900
Mx 	5.3900
T	59871 a=7.1400 71 a=3.8500 70 a=5.4900 62296 a=5.3900 67 a=6.2700 62301 a=5.3900 62297 a=5.3900 62298 a=5.3900 62294 a=5.3900 69 a=6.1700 62302 a=5.3900 66 a=5.5200 62298 a=5.3900 69 a=6.1700 68 a=5.2900 62301 a=5.3900 70 a=5.4900 62294 a=5.3900 62294 a=5.3900	(fffe2b7340d8a4dc7e00)
Mx 	129.5054
T	789 w=10.0000	(→)
Mx 	142.6309
T	1322 w=6.4600	(✓)
Mx 	149.0909
T	26728 w=10.0000	(猫)
Mx 	159.0909
T	60429 w=10.0000	(𠂤)
Mx 	169.0909
T	95 w=5.7600	(~)
Mx 	21.2598
My 	125.8539
T	62296 67 62301 62297 62298 62294 69 62302 66 62298 69 68 62301 70 62294 62294 w=88.8100	(2b7340d8a4dc7e00)
Mx 	113.1975
T	789 w=10.0000	(→)
Mx 	126.3252
T	1322 w=6.4600	(✓)
Mx 	132.7852
T	26728 w=10.0000	(猫)
Mx 	142.7852
T	60429 w=10.0000	(𠂤)
Mx 	152.7852
T	95 w=5.7600	(~)
Mx 	21.2598
My 	137.8539
Mx 	7.4600
Mx 	7.2300
T	48 a=7.6900 44 a=7.2300	(OK)
T	1322 w=6.4600	(✓)
Mx 	42.4098
T	1322 w=6.4600	(✓)
Mx 	48.8698
T	1322 w=6.4600	(✓)
Mx 	55.3298
T	1322 w=6.4600	(✓)
Mx 	61.7898
T	1322 w=6.4600	(✓)
Mx 	68.2498
T	1322 w=6.4600	(✓)
Mx 	74.7098
T	1322 w=6.4600	(✓)
Mx 	81.1698
T	1322 w=6.4600	(✓)
End page
Finish
