Set paper size 	419.5275636	595.275597
Begin page
Mx 	40.9764
My 	35.8429
Set font 	Gentium Plus;10;400;;normal;;LTR
T	20 w=4.6924	(1)
Mx 	48.3467
T	91 w=5.0293	(x)
Mx 	56.0539
T	20 w=4.6924	(1)
Mx 	63.4242
T	32 w=4.3896	(=)
Mx 	70.4918
T	20 w=4.6924	(1)
Mx 	75.1842
T	17 w=2.2900	(.)
Mx 	40.9764
My 	50.8429
T	21 w=4.6924	(2)
Mx 	48.3467
T	91 w=5.0293	(x)
Mx 	56.0539
T	21 w=4.6924	(2)
Mx 	63.4242
T	32 w=4.3896	(=)
Mx 	70.4918
T	23 w=4.6924	(4)
Mx 	75.1842
T	17 w=2.2900	(.)
Mx 	40.9764
My 	65.8429
T	22 w=4.6924	(3)
Mx 	48.3467
T	91 w=5.0293	(x)
Mx 	56.0539
T	22 w=4.6924	(3)
Mx 	63.4242
T	32 w=4.3896	(=)
Mx 	70.4918
T	28 w=4.6924	(9)
Mx 	75.1842
T	17 w=2.2900	(.)
Mx 	40.9764
My 	80.8429
T	23 w=4.6924	(4)
Mx 	48.3462
T	91 w=5.0293	(x)
Mx 	56.0529
T	23 w=4.6924	(4)
Mx 	63.4227
T	32 w=4.3896	(=)
Mx 	70.4897
T	20 25 w=9.3848	(16)
Mx 	79.8745
T	17 w=2.2900	(.)
Mx 	40.9764
My 	95.8429
T	24 w=4.6924	(5)
Mx 	48.3462
T	91 w=5.0293	(x)
Mx 	56.0529
T	24 w=4.6924	(5)
Mx 	63.4227
T	32 w=4.3896	(=)
Mx 	70.4897
T	21 24 w=9.3848	(25)
Mx 	79.8745
T	17 w=2.2900	(.)
Mx 	40.9764
My 	110.8429
T	25 w=4.6924	(6)
Mx 	48.3462
T	91 w=5.0293	(x)
Mx 	56.0529
T	25 w=4.6924	(6)
Mx 	63.4227
T	32 w=4.3896	(=)
Mx 	70.4897
T	22 25 w=9.3848	(36)
Mx 	79.8745
T	17 w=2.2900	(.)
Mx 	40.9764
My 	125.8429
T	26 w=4.6924	(7)
Mx 	48.3462
T	91 w=5.0293	(x)
Mx 	56.0529
T	26 w=4.6924	(7)
Mx 	63.4227
T	32 w=4.3896	(=)
Mx 	70.4897
T	23 28 w=9.3848	(49)
Mx 	79.8745
T	17 w=2.2900	(.)
Mx 	40.9764
My 	140.8429
T	27 w=4.6924	(8)
Mx 	48.3462
T	91 w=5.0293	(x)
Mx 	56.0529
T	27 w=4.6924	(8)
Mx 	63.4227
T	32 w=4.3896	(=)
Mx 	70.4897
T	25 23 w=9.3848	(64)
Mx 	79.8745
T	17 w=2.2900	(.)
Mx 	40.9764
My 	155.8429
T	28 w=4.6924	(9)
Mx 	48.3462
T	91 w=5.0293	(x)
Mx 	56.0529
T	28 w=4.6924	(9)
Mx 	63.4227
T	32 w=4.3896	(=)
Mx 	70.4897
T	27 20 w=9.3848	(81)
Mx 	79.8745
T	17 w=2.2900	(.)
Mx 	40.9764
My 	170.8429
T	20 19 w=9.3848	(10)
Mx 	53.0370
T	91 w=5.0293	(x)
Mx 	60.7422
T	20 19 w=9.3848	(10)
Mx 	72.8028
T	32 w=4.3896	(=)
Mx 	79.8683
T	20 19 19 w=14.0771	(100)
Mx 	93.9455
T	17 w=2.2900	(.)
Mx 	207.4176
My 	553.7327
T	20 w=4.6924	(1)
End page
Finish
