Set paper size 	297.6377985	419.5275636
Begin page
Mx 	14.8819
My 	64.3065
Set font 	Gentium Book;30;400;;normal;;;LTR;
T	107 w=14.1797	(â)
Mx 	29.0616
Set font 	Gentium Book;60;400;;normal;;;LTR;
T	107 w=28.3594	(â)
End page
Finish
