Set paper size 	297.6377985	419.5275636
Begin page
Draw line	14.8819	30.9764	10.0000	10.0000
Draw line	24.8819	20.9764	10.0000	20.0000
Draw line	14.8819	94.8819	10.0000	-10.0000
Draw line	24.8819	104.8819	10.0000	-20.0000
Draw line	282.7559	114.8819	-10.0000	10.0000
Draw line	272.7559	104.8819	-10.0000	20.0000
Draw line	282.7559	178.7874	-10.0000	-10.0000
Draw line	272.7559	188.7874	-10.0000	-20.0000
Draw line	24.8819	188.7874	10.0000	10.0000
Draw line	14.8819	198.7874	20.0000	10.0000
Draw line	88.7874	188.7874	-10.0000	10.0000
Draw line	98.7874	198.7874	-20.0000	10.0000
Draw line	108.7874	377.5748	10.0000	-10.0000
Draw line	98.7874	367.5748	20.0000	-10.0000
Draw line	172.6929	377.5748	-10.0000	-10.0000
Draw line	182.6929	367.5748	-20.0000	-10.0000
End page
Finish
