Set paper size 	297.6377985	419.5275636
Begin page
Mx 	34.8819
My 	27.2264
Set font 	Gentium Plus;10;400;;normal;;LTR
T	55 72 86 87 w=17.4316	(Test)
Mx 	54.9797
T	83 68 85 w=13.8477	(par)
Mx 	34.8819
My 	59.2264
T	55 72 86 87 w=17.4316	(Test)
Mx 	54.9797
T	83 68 85 w=13.8477	(par)
End page
Finish
