Set paper size 	297.6377985	419.5275636
Begin page
Mx 	44.7039
My 	56.3092
Set font 	Gentium Plus;10.1;400;;normal;;LTR
T	48 129 77 71 72 w=26.0243	(Müjde)
Mx 	70.7282
T	15 w=2.3129	(,)
Mx 	76.6409
T	43 85 76 86 87 76 92 68 81 w=38.6443	(Hristiyan)
Mx 	118.8850
T	69 76 85 72 92 79 72 85 72 w=37.5791	(bireylere)
Mx 	160.0639
T	89 72 w=9.6463	(ve)
Mx 	173.3099
T	78 76 79 76 86 72 92 72 w=31.3504	(kiliseye)
Mx 	208.2601
T	89 72 85 76 79 80 76 1578 w=33.8705	(verilmiş)
Mx 	245.7304
T	72 81 w=10.2381	(en)
Mx 	24.7039
My 	69.3963
T	69 129 92 129 78 w=25.7382	(büyük)
Mx 	53.4752
T	75 68 93 76 81 72 71 76 85 w=39.4581	(hazinedir)
Mx 	92.9332
T	17 w=2.3129	(.)
Mx 	98.2792
T	48 129 77 71 72 w=26.0243	(Müjde)
Mx 	124.3034
T	15 w=2.3129	(,)
Mx 	129.6494
T	43 85 76 86 87 76 92 68 81 w=38.6443	(Hristiyan)
Mx 	171.3267
T	69 76 85 72 92 79 72 85 72 w=37.5791	(bireylere)
Mx 	211.9388
T	89 72 w=9.6463	(ve)
Mx 	224.6181
T	78 76 79 76 86 72 92 72 w=31.3504	(kiliseye)
Mx 	24.7039
My 	82.4833
T	89 72 85 76 79 80 76 1578 w=33.8705	(verilmiş)
Mx 	60.6148
T	72 81 w=10.2381	(en)
Mx 	72.8932
T	69 129 92 129 78 w=25.7382	(büyük)
Mx 	100.6717
T	75 68 93 76 81 72 71 76 85 w=39.4581	(hazinedir)
Mx 	140.1298
T	17 w=2.3129	(.)
Mx 	144.4830
T	48 129 77 71 72 w=26.0243	(Müjde)
Mx 	170.5073
T	15 w=2.3129	(,)
Mx 	174.8606
T	69 76 85 111 82 78 w=26.2856	(birçok)
Mx 	203.1865
T	1578 72 92 76 81 w=21.8570	(şeyin)
Mx 	227.0839
T	68 85 68 w=13.2710	(ara)
Mx 	240.3549
T	86 215 81 w=12.2107	(sın)
Mx 	252.5657
T	16 w=3.4028	(-)
Mx 	24.7039
My 	95.5703
T	71 68 78 76 w=17.5517	(daki)
Mx 	45.8741
T	75 72 85 75 68 81 74 76 w=37.6827	(herhangi)
Mx 	87.1752
T	69 76 85 w=11.8655	(bir)
Mx 	102.6592
T	80 72 86 68 77 w=23.9283	(mesaj)
Mx 	130.2059
T	71 72 785 3091 79 71 76 85 w=32.3072	(değildir)
Mx 	162.5131
T	15 w=2.3129	(,)
Mx 	168.4445
T	75 72 85 w=14.2376	(her)
Mx 	186.3006
T	1578 72 92 76 81 w=21.8570	(şeyin)
Mx 	211.7761
T	129 93 72 85 76 81 71 72 78 76 w=44.1924	(üzerindeki)
Mx 	24.7039
My 	108.6574
T	69 76 85 w=11.8655	(bir)
Mx 	39.8860
T	80 72 86 68 77 71 215 85 w=35.9171	(mesajdır)
Mx 	75.8032
T	4 w=2.7469	(!)
Mx 	81.8667
T	55 68 81 85 215 183 81 215 81 w=38.7035	(Tanrı’nın)
Mx 	123.8867
T	78 88 85 87 68 85 80 68 w=39.1375	(kurtarma)
Mx 	166.3408
T	74 129 70 129 71 129 85 w=34.6448	(gücüdür)
Mx 	204.3021
T	89 72 w=9.6463	(ve)
Mx 	217.2650
T	55 68 81 85 215 183 81 215 81 w=38.7035	(Tanrı’nın)
Mx 	24.7039
My 	121.7444
T	86 68 92 215 86 215 93 w=27.1783	(sayısız)
Mx 	54.6546
T	69 76 79 74 72 79 76 785 3091 81 76 81 w=47.2155	(bilgeliğinin)
Mx 	101.8702
T	15 w=2.3129	(,)
Mx 	106.9556
T	76 81 86 68 81 79 68 85 68 w=38.4273	(insanlara)
Mx 	148.1553
T	89 72 w=9.6463	(ve)
Mx 	160.5741
T	80 72 79 72 78 79 72 85 72 w=41.1743	(meleklere)
Mx 	204.5208
T	89 72 85 76 79 80 72 86 76 w=38.5358	(verilmesi)
Mx 	245.8291
T	76 79 72 w=10.1395	(ile)
Mx 	24.7039
My 	134.8314
T	76 79 74 76 79 76 w=18.6120	(ilgili)
Mx 	46.9188
T	72 81 w=10.2381	(en)
Mx 	60.7597
T	69 129 92 129 78 w=25.7382	(büyük)
Mx 	90.1008
T	89 68 75 76 92 71 76 85 w=34.8963	(vahiydir)
Mx 	124.9971
T	17 w=2.3129	(.)
Mx 	127.3100
My 	131.6210
Set font 	Gentium Plus;6.87964;400;;normal;;LTR
T	20 w=3.2282	(1)
Mx 	134.1411
My 	134.8314
Set font 	Gentium Plus;10.1;400;;normal;;LTR
T	37 88 w=10.9039	(Bu)
Mx 	148.6478
T	81 72 71 72 81 79 72 w=33.1308	(nedenle)
Mx 	185.3814
T	72 79 111 76 w=14.5533	(elçi)
Mx 	203.5375
T	51 68 89 79 88 86 w=26.8873	(Pavlus)
Mx 	234.0276
T	89 68 w=9.6167	(va)
Mx 	243.6443
T	68 93 w=8.9213	(az)
Mx 	252.5657
T	16 w=3.4028	(-)
Mx 	24.7039
My 	147.9185
T	79 68 w=7.3728	(la)
Mx 	32.0767
T	85 215 81 71 68 w=22.1973	(rında)
Mx 	56.9933
T	80 129 77 71 72 92 72 w=35.6410	(müjdeye)
Mx 	95.3534
T	76 79 78 w=10.4008	(ilk)
Mx 	108.4735
T	86 215 85 68 92 215 w=22.9913	(sırayı)
Mx 	134.1840
T	89 72 85 80 76 1578 87 76 85 w=38.6098	(vermiştir)
Mx 	172.7938
T	15 w=2.3129	(,)
Mx 	177.8260
T	82 81 88 w=16.0032	(onu)
Mx 	196.5483
T	68 111 215 78 w=16.7133	(açık)
Mx 	215.9809
T	89 72 w=9.6463	(ve)
Mx 	228.3464
T	68 81 w=10.2085	(an)
Mx 	238.5549
T	79 68 w=7.3728	(la)
Mx 	245.9277
T	1578 215 w=6.6380	(şı)
Mx 	252.5657
T	16 w=3.4028	(-)
Mx 	24.7039
My 	161.0055
T	79 215 85 w=9.4737	(lır)
Mx 	36.6811
T	69 76 85 w=11.8655	(bir)
Mx 	51.0500
T	1578 72 78 76 79 71 72 w=28.8846	(şekilde)
Mx 	82.4381
T	89 68 68 93 w=18.5380	(vaaz)
Mx 	103.4796
T	72 71 72 69 76 79 80 72 78 w=42.8905	(edebilmek)
Mx 	148.8735
T	76 111 76 81 w=15.4607	(için)
Mx 	166.8377
T	87 129 80 w=16.9402	(tüm)
Mx 	186.2813
T	74 68 92 85 72 87 76 81 76 w=37.7320	(gayretini)
Mx 	226.5167
T	74 124 86 w=13.9072	(gös)
Mx 	240.4240
T	87 72 85 w=12.1417	(ter)
Mx 	252.5657
T	16 w=3.4028	(-)
Mx 	24.7039
My 	174.0926
T	80 76 1578 w=14.7505	(miş)
Mx 	39.4545
T	87 76 85 w=10.2134	(tir)
Mx 	52.1079
T	89 72 w=9.6463	(ve)
Mx 	64.1941
T	75 68 87 87 68 w=21.7979	(hatta)
Mx 	88.4319
T	68 86 215 79 w=14.0108	(asıl)
Mx 	104.8827
T	80 129 77 71 72 71 72 81 w=41.4850	(müjdeden)
Mx 	148.8076
T	86 68 83 68 85 68 78 w=32.0853	(saparak)
Mx 	183.3328
T	73 68 85 78 79 215 w=22.1776	(farklı)
Mx 	207.9503
T	69 76 85 w=11.8655	(bir)
Mx 	222.2558
T	80 129 77 71 72 92 76 w=33.7127	(müjdeyi)
Mx 	24.7039
My 	187.1796
T	89 68 68 93 w=18.5380	(vaaz)
Mx 	45.9217
T	72 71 72 81 79 72 85 72 w=36.2229	(edenlere)
Mx 	84.8243
T	79 68 81 72 87 w=21.0877	(lanet)
Mx 	108.5917
T	82 78 88 80 88 1578 87 88 85 w=45.5486	(okumuştur)
Mx 	154.1403
T	17 w=2.3129	(.)
Mx 	156.4533
My 	183.9691
Set font 	Gentium Plus;6.87964;400;;normal;;LTR
T	21 w=3.2282	(2)
Mx 	44.7039
My 	201.2337
Set font 	Gentium Plus;10.1;400;;normal;;LTR
T	37 88 w=10.9039	(Bu)
Mx 	59.0578
Mx 	4.9267
Mx 	4.6357
Mx 	5.5728
Mx 	4.9810
Mx 	4.6357
Mx 	2.7371
Mx 	2.7371
Mx 	4.9267
T	78 a=4.9267 68 a=4.6357 2195 x=0.2663 75 a=5.5728 92 a=4.9810 68 a=4.6357 79 a=2.7371 215 a=2.7371 78 a=4.9267	(kâhyalık)
Mx 	97.6606
T	74 124 85 72 89 76 w=26.3892	(görevi)
Mx 	127.4999
T	69 72 81 76 w=18.1041	(beni)
Mx 	149.0540
T	69 88 w=10.4797	(bu)
Mx 	162.9838
T	17 w=2.3129	(.)
Mx 	165.2967
T	17 w=2.3129	(.)
Mx 	167.6097
T	17 w=2.3129	(.)
Mx 	173.3727
T	92 68 93 80 68 78 w=31.5773	(yazmak)
Mx 	208.4000
T	76 111 76 81 w=15.4607	(için)
Mx 	227.3107
T	74 72 85 72 78 79 76 w=28.6578	(gerekli)
Mx 	24.7039
My 	214.3207
T	82 79 68 81 w=18.0251	(olan)
Mx 	45.7756
T	68 785 215 85 w=16.2991	(ağır)
Mx 	65.1213
T	111 68 79 215 1578 80 68 w=31.1729	(çalışma)
Mx 	99.3407
T	78 82 81 88 86 88 81 71 68 w=45.6423	(konusunda)
Mx 	148.0296
T	83 72 78 w=14.9429	(pek)
Mx 	166.0190
T	68 93 w=8.9213	(az)
Mx 	177.9869
T	76 86 87 72 785 3091 80 w=30.5564	(isteğim)
Mx 	211.5899
T	89 68 85 w=13.6163	(var)
Mx 	225.2061
T	15 w=2.3129	(,)
Mx 	230.5656
T	68 92 85 215 70 68 w=25.4029	(ayrıca)
Mx 	24.7039
My 	227.4077
T	69 68 1578 78 68 w=23.2280	(başka)
Mx 	50.3084
T	43 85 76 86 87 76 92 68 81 w=38.6443	(Hristiyan)
Mx 	91.3292
T	78 76 87 68 83 79 68 85 w=32.4995	(kitaplar)
Mx 	126.2052
T	71 68 w=9.8879	(da)
Mx 	138.4696
T	92 82 78 w=14.9873	(yok)
Mx 	155.8333
T	71 72 785 3091 79 w=20.3184	(değil)
Mx 	176.1517
T	30 w=2.3129	(;)
Mx 	180.8411
T	89 68 68 93 79 68 85 215 80 215 w=43.4971	(vaazlarımı)
Mx 	226.7146
T	69 76 85 w=11.8655	(bir)
Mx 	240.9566
T	71 76 93 76 w=15.0119	(dizi)
Mx 	24.7039
My 	240.4948
T	78 76 87 68 83 86 68 79 w=32.4009	(kitapsal)
Mx 	61.3792
T	69 76 111 76 80 72 w=27.7947	(biçime)
Mx 	93.4483
T	86 82 78 80 68 w=26.6555	(sokma)
Mx 	124.3781
T	81 72 71 72 81 76 80 w=36.5780	(nedenim)
Mx 	160.9561
T	15 w=2.3129	(,)
Mx 	167.5434
T	69 88 w=10.4797	(bu)
Mx 	182.2975
T	78 82 81 88 79 68 85 215 w=35.0393	(konuları)
Mx 	221.6111
T	89 68 68 93 w=18.5380	(vaaz)
Mx 	244.4235
T	72 87 w=8.1421	(et)
Mx 	252.5657
T	16 w=3.4028	(-)
Mx 	24.7039
My 	253.5818
T	80 72 80 79 72 w=28.2928	(memle)
Mx 	55.4108
T	68 92 81 215 w=17.9265	(aynı)
Mx 	75.7514
T	81 72 71 72 81 72 w=30.3937	(nedene)
Mx 	108.5592
T	71 68 92 68 81 215 85 w=31.8140	(dayanır)
Mx 	140.3732
T	29 w=2.3129	(:)
Mx 	145.1002
T	42 72 87 76 85 71 76 78 79 72 85 76 w=47.8221	(Getirdikleri)
Mx 	195.3364
T	92 129 78 87 72 81 w=28.9734	(yükten)
Mx 	226.7239
T	78 88 85 w=14.2771	(kur)
Mx 	241.0010
T	87 88 79 w=11.5647	(tul)
Mx 	252.5657
T	16 w=3.4028	(-)
Mx 	24.7039
My 	266.6688
T	80 68 78 w=17.6750	(mak)
Mx 	42.3789
T	4 w=2.7469	(!)
Mx 	48.1208
T	60 72 85 72 80 92 68 w=37.0613	(Yeremya)
Mx 	88.1770
T	74 76 69 76 w=15.5297	(gibi)
Mx 	103.7068
T	15 w=2.3129	(,)
Mx 	109.0147
T	69 88 w=10.4797	(bu)
Mx 	122.4893
T	80 72 86 68 77 215 w=26.6654	(mesajı)
Mx 	152.1497
T	71 88 92 88 85 80 68 93 86 68 80 w=58.6175	(duyurmazsam)
Mx 	210.7671
T	29 w=2.3129	(:)
Mx 	216.0750
T	180 w=4.4040	(“)
Mx 	220.4790
T	62 w=3.1069	([)
Mx 	223.5859
T	171 w=6.7563	(…)
Mx 	230.3423
T	64 w=3.1069	(])
Mx 	236.4441
T	54 124 93 129 w=19.5244	(Sözü)
Mx 	24.7039
My 	279.7559
T	78 72 80 76 78 79 72 85 76 80 76 81 w=55.9297	(kemiklerimin)
Mx 	84.9016
T	76 111 76 81 72 w=20.1260	(içine)
Mx 	109.2955
T	75 68 83 86 72 71 76 79 80 76 1578 w=49.6024	(hapsedilmiş)
Mx 	158.8979
T	15 w=2.3129	(,)
Mx 	165.4787
T	92 129 85 72 785 3091 80 71 72 w=44.6905	(yüreğimde)
Mx 	214.4371
T	92 68 81 68 81 w=25.3979	(yanan)
Mx 	244.1030
T	69 76 85 w=11.8655	(bir)
Mx 	24.7039
My 	292.8429
T	68 87 72 1578 w=16.6788	(ateş)
Mx 	43.8560
T	86 68 81 78 76 w=21.7732	(sanki)
Mx 	65.6292
T	17 w=2.3129	(.)
Mx 	70.4154
T	50 81 88 w=16.9846	(Onu)
Mx 	89.8732
T	76 111 76 80 71 72 w=27.9180	(içimde)
Mx 	120.2645
T	87 88 87 80 68 78 87 68 81 w=43.6647	(tutmaktan)
Mx 	166.4025
T	92 82 85 88 79 71 88 80 w=40.8636	(yoruldum)
Mx 	207.2661
T	15 w=2.3129	(,)
Mx 	212.0522
T	92 68 w=9.6167	(ya)
Mx 	221.6689
T	83 68 w=9.9866	(pa)
Mx 	231.6555
T	80 215 w=10.8496	(mı)
Mx 	242.5051
T	92 82 w=10.0605	(yo)
Mx 	252.5657
T	16 w=3.4028	(-)
Mx 	24.7039
My 	305.9299
T	85 88 80 w=17.4629	(rum)
Mx 	44.9040
T	68 85 87 215 78 w=19.7759	(artık)
Mx 	64.6799
T	17 w=2.3129	(.)
Mx 	66.9928
T	181 w=4.4040	(”)
Mx 	74.1338
T	51 68 89 79 88 86 183 88 81 w=40.1238	(Pavlus’un)
Mx 	116.9948
T	68 111 215 78 79 68 71 215 785 215 w=39.7392	(açıkladığı)
Mx 	159.4710
T	74 76 69 76 w=15.5297	(gibi)
Mx 	175.0008
T	29 w=2.3129	(:)
Mx 	180.0508
T	180 w=4.4040	(“)
Mx 	184.4548
T	48 129 77 71 72 92 76 w=33.7423	(Müjdeyi)
Mx 	220.9341
T	92 68 92 w=14.5977	(yay)
Mx 	235.5318
T	80 68 93 w=17.0339	(maz)
Mx 	252.5657
T	16 w=3.4028	(-)
Mx 	24.7039
My 	324.4482
Set font 	Gentium Plus;9.09;400;;normal;;LTR
T	20 w=4.2654	(1)
Mx 	28.9693
T	17 w=2.0816	(.)
Mx 	49.2310
T	53 82 80 68 79 215 79 68 85 w=36.3067	(Romalılar)
Mx 	87.9499
T	20 w=4.2654	(1)
Mx 	92.2153
T	29 w=2.0816	(:)
Mx 	94.2969
T	20 25 w=8.5308	(16)
Mx 	102.8277
T	30 w=2.0816	(;)
Mx 	107.3216
T	40 73 72 86 79 76 79 72 85 w=30.2349	(Efesliler)
Mx 	139.9687
T	22 w=4.2654	(3)
Mx 	144.2341
T	29 w=2.0816	(:)
Mx 	146.3157
T	20 19 w=8.5308	(10)
Mx 	24.7039
My 	335.9143
T	21 w=4.2654	(2)
Mx 	28.9693
T	17 w=2.0816	(.)
Mx 	49.2310
T	20 w=4.2654	(1)
Mx 	53.4963
T	17 w=2.0816	(.)
Mx 	57.9816
T	46 82 85 76 81 87 79 76 79 72 85 w=39.2228	(Korintliler)
Mx 	99.6080
T	20 24 w=8.5308	(15)
Mx 	108.1388
T	29 w=2.0816	(:)
Mx 	110.2204
T	22 w=4.2654	(3)
Mx 	114.4858
T	30 w=2.0816	(;)
Mx 	118.9711
T	46 82 79 82 86 72 79 76 79 72 85 w=39.7599	(Koloseliler)
Mx 	161.1346
T	23 w=4.2654	(4)
Mx 	165.3999
T	29 w=2.0816	(:)
Mx 	167.4816
T	23 w=4.2654	(4)
Mx 	171.7470
T	30 w=2.0816	(;)
Mx 	176.2322
T	42 68 79 68 87 92 68 79 215 79 68 85 w=43.0532	(Galatyalılar)
Mx 	221.6891
T	20 w=4.2654	(1)
Mx 	225.9544
T	29 w=2.0816	(:)
Mx 	228.0361
T	27 w=4.2654	(8)
Mx 	232.3015
T	178 w=4.2654	(–)
Mx 	236.5668
T	28 w=4.2654	(9)
Mx 	24.7039
My 	347.2472
T	22 w=4.2654	(3)
Mx 	28.9693
T	17 w=2.0816	(.)
Mx 	49.2310
Set font 	Gentium Plus;9.09;400;Italic;normal;;LTR
T	58 75 76 70 75 w=21.7219	(Which)
Mx 	73.1489
T	83 68 74 72 w=15.9918	(page)
Mx 	91.3367
T	68 80 w=10.6479	(am)
Mx 	104.1807
T	44 w=2.5432	(I)
Mx 	108.9199
T	82 81 w=8.3266	(on)
Mx 	117.2465
T	34 w=3.6085	(?)
New page
Mx 	41.6693
My 	56.3092
Set font 	Gentium Plus;10.1;400;;normal;;LTR
T	86 68 80 w=16.6492	(sam)
Mx 	61.0045
T	89 68 92 w=14.5977	(vay)
Mx 	75.6021
My 	53.0987
Set font 	Gentium Plus;6.87964;400;;normal;;LTR
T	22 w=3.2282	(3)
Mx 	81.5163
My 	56.3092
Set font 	Gentium Plus;10.1;400;;normal;;LTR
T	75 68 79 76 80 72 w=28.4605	(halime)
Mx 	109.9768
T	4 w=2.7469	(!)
Mx 	112.7237
T	181 w=4.4040	(”)
Mx 	117.1277
My 	53.0987
Set font 	Gentium Plus;6.87964;400;;normal;;LTR
T	23 w=3.2282	(4)
Mx 	61.6693
My 	68.4292
Set font 	Gentium Plus;10.1;400;Italic;normal;;LTR
T	55 75 76 86 w=16.2448	(This)
Mx 	81.9436
T	86 83 68 70 72 w=20.7030	(space)
Mx 	106.6761
T	65 w=4.6259	(^)
Mx 	111.3020
T	65 w=4.6259	(^)
Mx 	115.9279
T	65 w=4.6259	(^)
Mx 	124.5832
T	86 75 82 88 79 71 81 183 87 w=35.0640	(shouldn’t)
Mx 	163.6767
T	69 72 w=8.6846	(be)
Mx 	176.3908
T	68 w=4.5470	(a)
Mx 	184.9672
T	71 76 747 72 85 72 81 87 w=32.3959	(different)
Mx 	221.3926
T	86 76 93 72 w=13.7889	(size)
Mx 	239.2110
T	87 75 68 81 w=17.6306	(than)
Mx 	260.8711
T	87 75 72 w=12.0628	(the)
Mx 	41.6693
My 	80.5492
T	82 87 75 72 85 w=19.9090	(other)
Mx 	63.3307
T	76 81 87 72 85 w=18.1336	(inter)
Mx 	81.4643
T	16 w=3.1612	(-)
Mx 	84.6255
T	83 68 85 68 74 85 68 83 75 w=39.8131	(paragraph)
Mx 	126.1910
T	86 83 68 70 72 86 w=24.2094	(spaces)
Mx 	152.1528
T	82 81 w=9.2518	(on)
Mx 	163.1570
T	87 75 76 86 w=14.0848	(this)
Mx 	178.9941
T	83 68 74 72 w=17.7687	(page)
Mx 	196.7628
Set font 	Gentium Plus;10.1;400;;normal;;LTR
T	17 w=2.3129	(.)
Mx 	201.0034
T	37 76 79 76 81 71 76 785 3091 w=34.9900	(Bilindiği)
Mx 	237.9210
T	74 76 69 76 w=15.5297	(gibi)
Mx 	255.3783
T	80 129 77 71 72 w=25.9947	(müjde)
Mx 	41.6693
My 	92.6692
T	86 124 93 70 129 785 3332 w=33.3083	(sözcüğü)
Mx 	74.9776
T	15 w=2.3129	(,)
Mx 	79.7212
T	71 82 785 85 88 w=24.6089	(doğru)
Mx 	106.7608
T	69 76 85 w=11.8655	(bir)
Mx 	121.0571
T	87 72 85 70 129 80 72 w=34.6842	(tercüme)
Mx 	158.1720
T	76 79 72 w=10.1395	(ile)
Mx 	170.7422
T	180 w=4.4040	(“)
Mx 	175.1461
T	76 92 76 w=10.4551	(iyi)
Mx 	188.0319
T	75 68 69 72 85 w=24.0023	(haber)
Mx 	212.0342
T	181 w=4.4040	(”)
Mx 	218.8689
T	68 81 79 68 80 215 81 68 w=38.6394	(anlamına)
Mx 	259.9390
T	74 72 w=9.5920	(ge)
Mx 	269.5310
T	16 w=3.4028	(-)
Mx 	41.6693
My 	104.7892
T	79 72 81 w=12.9751	(len)
Mx 	57.3766
T	42 85 72 78 111 72 183 71 72 78 76 w=48.4534	(Grekçe’deki)
Mx 	108.5622
T	72 88 68 81 74 112 79 76 82 81 183 71 68 81 w=63.7168	(euangélion’dan)
Mx 	175.0111
T	74 72 79 80 72 78 87 72 71 76 85 w=50.1646	(gelmektedir)
Mx 	225.1758
T	17 w=2.3129	(.)
Mx 	230.2209
T	46 88 87 86 68 79 w=25.9404	(Kutsal)
Mx 	258.8935
T	60 68 w=10.6375	(Ya)
Mx 	269.5310
T	16 w=3.4028	(-)
Mx 	41.6693
My 	116.9092
T	93 215 w=7.0227	(zı)
Mx 	48.6919
T	79 68 w=7.3728	(la)
Mx 	56.0648
T	85 w=3.9996	(r)
Mx 	60.0643
T	183 w=2.3129	(’)
Mx 	62.3773
T	215 81 w=8.3098	(ın)
Mx 	74.1653
T	75 72 85 w=14.2376	(her)
Mx 	91.8812
T	86 68 92 73 68 86 215 w=27.9328	(sayfası)
Mx 	123.2923
T	80 129 77 71 72 92 76 w=33.7127	(müjdeyi)
Mx 	160.4832
T	78 68 83 86 68 80 68 78 87 68 w=49.2375	(kapsamakta)
Mx 	209.7207
T	15 w=2.3129	(,)
Mx 	215.5119
T	80 129 77 71 72 w=25.9947	(müjde)
Mx 	244.9848
T	71 72 w=9.9175	(de)
Mx 	258.3806
T	86 82 81 w=14.5533	(son)
Mx 	41.6693
My 	129.0292
T	71 72 85 72 70 72 w=27.6616	(derece)
Mx 	72.6926
T	69 72 79 76 85 79 76 w=24.7420	(belirli)
Mx 	100.7964
T	69 76 85 w=11.8655	(bir)
Mx 	116.0237
T	80 72 86 68 77 215 w=26.6654	(mesajı)
Mx 	146.0509
T	76 79 72 87 80 72 78 87 72 71 76 85 w=51.4518	(iletmektedir)
Mx 	197.5027
T	29 w=2.3129	(:)
Mx 	203.1774
T	39 129 1578 80 129 1578 w=32.6031	(Düşmüş)
Mx 	239.1423
T	76 81 86 68 81 79 68 85 w=33.7916	(insanlar)
Mx 	41.6693
My 	141.1492
T	76 111 76 81 w=15.4607	(için)
Mx 	59.3770
T	78 88 85 87 88 79 88 1578 w=35.0936	(kurtuluş)
Mx 	94.4705
T	15 w=2.3129	(,)
Mx 	99.0305
T	55 68 81 85 215 w=22.5080	(Tanrı)
Mx 	123.7855
T	50 785 79 88 w=19.0756	(Oğlu)
Mx 	145.1081
T	997 86 68 w=11.5450	(İsa)
Mx 	158.9001
T	48 72 86 76 75 183 76 81 w=35.6410	(Mesih’in)
Mx 	196.7880
T	92 68 1578 68 80 215 w=29.0030	(yaşamı)
Mx 	225.7910
T	15 w=2.3129	(,)
Mx 	230.3510
T	124 79 129 80 129 w=26.6309	(ölümü)
Mx 	256.9818
T	15 w=2.3129	(,)
Mx 	261.5418
T	71 76 w=7.9893	(di)
Mx 	269.5310
T	16 w=3.4028	(-)
Mx 	41.6693
My 	153.2692
T	85 76 w=6.7366	(ri)
Mx 	48.4059
T	79 76 1578 76 w=12.1121	(lişi)
Mx 	63.1932
T	89 72 w=9.6463	(ve)
Mx 	75.5146
T	74 124 785 72 w=19.5983	(göğe)
Mx 	97.7881
T	68 79 215 81 80 68 86 215 w=35.0689	(alınması)
Mx 	135.5322
T	76 79 72 w=10.1395	(ile)
Mx 	148.3468
T	87 68 80 68 80 79 68 81 80 215 1578 87 215 85 w=66.8829	(tamamlanmıştır)
Mx 	215.2297
T	17 w=2.3129	(.)
Mx 	61.6693
My 	165.3892
T	55 68 81 85 215 183 81 215 81 w=38.7035	(Tanrı’nın)
Mx 	104.5997
T	76 92 76 w=10.4551	(iyi)
Mx 	119.2817
T	81 76 92 72 87 79 76 w=26.9070	(niyetli)
Mx 	150.4156
T	68 80 68 70 215 w=24.5349	(amacı)
Mx 	179.1775
T	88 92 68 85 215 81 70 68 w=36.3265	(uyarınca)
Mx 	215.5039
T	15 w=2.3129	(,)
Mx 	222.0438
T	37 68 69 68 183 92 68 w=31.8831	(Baba’ya)
Mx 	258.1537
T	72 1578 76 87 w=14.7801	(eşit)
Mx 	41.6693
My 	177.5092
T	89 72 w=9.6463	(ve)
Mx 	54.4614
T	50 183 81 88 81 w=24.8703	(O’nun)
Mx 	82.4774
T	71 82 785 68 86 215 81 215 81 w=40.4148	(doğasının)
Mx 	126.0380
T	87 68 80 w=16.2251	(tam)
Mx 	145.4089
T	69 76 85 w=11.8655	(bir)
Mx 	160.4202
T	92 68 81 86 215 80 68 86 215 w=41.2137	(yansıması)
Mx 	204.7798
T	82 79 68 81 w=18.0251	(olan)
Mx 	225.9507
T	72 69 72 71 76 w=22.4488	(ebedi)
Mx 	251.5453
T	50 785 88 79 w=19.0756	(Oğul)
Mx 	270.6209
T	15 w=2.3129	(,)
Mx 	41.6693
My 	189.6292
T	78 72 81 71 76 w=23.1541	(kendi)
Mx 	67.8105
T	76 86 87 72 785 3091 w=22.4439	(isteği)
Mx 	93.2416
T	76 79 72 w=10.1395	(ile)
Mx 	106.3683
T	92 129 70 72 79 76 785 3091 81 76 w=40.8586	(yüceliğini)
Mx 	150.2141
T	69 215 85 68 78 68 85 68 78 w=39.6257	(bırakarak)
Mx 	192.8270
T	46 88 87 86 68 79 w=25.9404	(Kutsal)
Mx 	221.7547
T	53 88 75 w=16.5900	(Ruh)
Mx 	241.3319
T	87 68 w=8.1125	(ta)
Mx 	249.4445
T	85 68 w=8.6353	(ra)
Mx 	258.0798
T	73 215 81 w=11.4513	(fın)
Mx 	269.5310
T	16 w=3.4028	(-)
Mx 	41.6693
My 	201.7492
T	71 68 81 w=15.4607	(dan)
Mx 	61.4008
T	74 72 69 72 w=19.3863	(gebe)
Mx 	85.0579
T	69 215 85 68 78 215 79 68 81 w=37.1106	(bırakılan)
Mx 	126.4393
T	69 76 85 w=11.8655	(bir)
Mx 	142.5757
T	69 68 78 76 85 72 w=26.0933	(bakire)
Mx 	172.9398
T	68 85 68 70 215 79 215 785 215 w=33.5598	(aracılığı)
Mx 	210.7705
T	76 79 72 w=10.1395	(ile)
Mx 	225.1808
T	49 68 86 215 85 68 79 215 w=31.9373	(Nasıralı)
Mx 	261.3889
T	997 86 68 w=11.5450	(İsa)
Mx 	41.6693
My 	213.8692
T	68 71 215 92 79 68 w=24.9788	(adıyla)
Mx 	70.3172
T	69 76 85 w=11.8655	(bir)
Mx 	85.8519
T	55 68 81 85 215 w=22.5080	(Tanrı)
Mx 	112.0291
T	89 72 w=9.6463	(ve)
Mx 	125.3445
T	69 76 85 w=11.8655	(bir)
Mx 	140.8792
T	76 81 86 68 81 w=22.4192	(insan)
Mx 	166.9676
T	82 79 68 85 68 78 w=26.0144	(olarak)
Mx 	196.6512
T	71 129 81 92 68 92 68 w=35.4092	(dünyaya)
Mx 	235.7295
T	74 72 79 71 76 w=20.3184	(geldi)
Mx 	256.0479
T	17 w=2.3129	(.)
Mx 	262.0300
T	37 88 w=10.9039	(Bu)
Mx 	41.6693
My 	225.9892
T	71 129 81 92 68 71 68 78 76 w=43.3442	(dünyadaki)
Mx 	87.6105
T	92 68 1578 68 80 215 w=29.0030	(yaşamı)
Mx 	119.2105
T	69 82 92 88 81 70 68 w=35.1626	(boyunca)
Mx 	156.9702
T	55 68 81 85 215 183 81 215 81 w=38.7035	(Tanrı’nın)
Mx 	198.2708
T	92 68 86 68 86 215 81 68 w=34.9999	(yasasına)
Mx 	235.8677
T	78 88 86 88 85 86 88 93 w=37.0662	(kusursuz)
Mx 	41.6693
My 	238.1092
T	69 76 85 w=11.8655	(bir)
Mx 	55.5659
T	76 87 68 68 87 w=18.9622	(itaat)
Mx 	76.5591
T	74 124 86 87 72 85 71 76 w=34.0382	(gösterdi)
Mx 	110.5973
T	17 w=2.3129	(.)
Mx 	114.9412
T	61 68 80 68 81 215 w=30.9756	(Zamanı)
Mx 	147.9479
T	74 72 79 71 76 785 3091 81 71 72 w=43.4724	(geldiğinde)
Mx 	193.4514
T	76 81 86 68 81 79 68 85 w=33.7916	(insanlar)
Mx 	229.2740
T	87 68 85 68 73 215 81 71 68 81 w=43.6598	(tarafından)
Mx 	41.6693
My 	250.2292
T	85 72 71 71 72 71 76 79 71 76 w=42.5502	(reddedildi)
Mx 	86.9005
T	89 72 w=9.6463	(ve)
Mx 	99.2277
T	111 68 85 80 215 75 68 w=34.1072	(çarmıha)
Mx 	136.0159
T	74 72 85 76 79 71 76 w=27.0550	(gerildi)
Mx 	163.0709
T	17 w=2.3129	(.)
Mx 	41.6693
My 	349.2756
Set font 	Gentium Plus;9.09;400;;normal;;LTR
T	23 w=4.2654	(4)
Mx 	45.9347
T	17 w=2.0816	(.)
Mx 	66.1963
T	20 w=4.2654	(1)
Mx 	70.4617
T	17 w=2.0816	(.)
Mx 	74.9596
T	46 82 85 76 81 87 79 76 79 72 85 w=39.2228	(Korintliler)
Mx 	116.5987
T	28 w=4.2654	(9)
Mx 	120.8641
T	29 w=2.0816	(:)
Mx 	122.9457
T	20 25 w=8.5308	(16)
End page
Finish
