Set paper size 	297.6377985	419.5275636
Begin page
Mx 	24.7039
My 	65.3156
Set font 	Gentium Plus;22;800;;normal;;LTR
T	46 68 83 76 87 82 79 68 w=75.1309	(Kapitola)
Mx 	105.6824
T	20 w=10.3232	(1)
Mx 	24.7039
My 	88.1222
T	36 75 82 77 w=41.9912	(Ahoj)
Mx 	72.5418
T	86 89 629 87 72 w=47.2441	(světe)
Mx 	24.7039
My 	126.5222
Set font 	Noto Sans CJK JP;22;800;;normal;;LTR
T	29804 w=22.0000	(第)
Mx 	46.7326
Mx 	2.4640
T	1 a=4.9280	( )
T	19 w=12.2100	(2)
Mx 	61.4066
Mx 	4.4000
T	1 a=4.9280	( )
Mx 	65.8354
T	29653 w=22.0000	(章)
Mx 	24.7039
My 	152.7062
Mx 	14.0360
T	44 a=14.2120	(K)
Mx 	38.7475
T	80 w=13.3320	(o)
Mx 	52.0871
T	79 w=13.4420	(n)
Mx 	65.5366
T	79 w=13.4420	(n)
Mx 	78.9862
T	74 w=6.0500	(i)
Mx 	85.0437
T	68 w=11.1980	(c)
Mx 	96.2493
T	73 w=13.3540	(h)
Mx 	109.6109
T	74 w=6.0500	(i)
Mx 	121.5929
T	41 w=16.0160	(H)
Mx 	137.6165
T	66 w=12.4080	(a)
Mx 	155.9566
T	52 w=13.1340	(S)
Mx 	169.0981
T	70 w=12.1880	(e)
Mx 	181.2937
Mx 	11.9020
T	76 a=12.1440	(k)
Mx 	193.2033
T	66 w=12.4080	(a)
Mx 	205.6188
T	74 w=6.0500	(i)
Mx 	24.7039
My 	191.1062
Set font 	Gentium Plus;22;800;;normal;;LTR
T	37 124 79 129 80 w=58.4482	(Bölüm)
Mx 	89.0038
T	22 w=10.3232	(3)
Mx 	24.7039
My 	209.0789
T	54 72 79 68 80 w=54.3662	(Selam)
Mx 	84.9113
T	39 129 81 92 68 w=57.7822	(Dünya)
Mx 	24.7039
My 	247.4789
T	38 75 68 83 87 72 85 w=72.1338	(Chapter)
Mx 	102.6860
T	23 w=10.3232	(4)
Mx 	24.7039
My 	270.2855
T	43 72 79 79 82 w=47.5342	(Hello)
Mx 	78.0813
T	58 82 85 79 71 w=55.8809	(World)
End page
Finish
