Set paper size 	297.6377985	419.5275636
Begin page
Mx 	76.6929
My 	63.6729
Set font 	Libertinus Serif;10;400;;normal;;LTR
T	91 66 79 66 w=18.8000	(zana)
Mx 	99.8853
Mx 	5.8800
Mx 	5.0400
Mx 	5.3100
Mx 	3.6400
Mx 	4.9700
Mx 	4.9700
Mx 	4.5700
T	35 a=5.8800 80 a=5.0400 86 a=5.3100 83 a=3.7200 80 a=5.0400 87 a=4.9700 161 a=4.5700	(Bourová)
T	13 w=2.2000	(,)
Mx 	140.8576
Mx 	4.2400
Mx 	4.5700
Mx 	5.2600
Mx 	5.0400
Mx 	2.6400
Mx 	2.7100
Mx 	2.6400
Mx 	4.5700
T	91 a=4.2400 161 a=4.5700 81 a=5.1900 80 a=5.0400 77 a=2.6400 74 a=2.7100 77 a=2.6400 66 a=4.5700	(zápolila)
Mx 	176.9200
Mx 	4.8900
Mx 	4.4700
T	87 a=4.9700 70 a=4.4700	(ve)
Mx 	190.6724
Mx 	4.2800
Mx 	3.1600
Mx 	5.1500
Mx 	3.6400
Mx 	4.5400
Mx 	4.2800
Mx 	5.3800
T	205 a=4.2800 85 a=3.1600 90 a=5.1500 281 a=3.7200 70 a=4.4700 68 a=4.2800 73 a=5.3800	(čtyřech)
Mx 	56.6929
My 	75.6729
Mx 	4.2400
Mx 	4.5700
Mx 	4.8900
Mx 	5.1100
Mx 	5.0600
Mx 	4.5400
Mx 	4.2800
Mx 	5.3800
T	91 a=4.2400 161 a=4.5700 87 a=4.9700 80 a=5.0400 69 a=5.0600 70 a=4.4700 68 a=4.2800 73 a=5.3800	(závodech)
T	13 w=2.2000	(,)
Mx 	102.9168
Mx 	5.4200
Mx 	4.4700
Mx 	2.7200
Mx 	2.6400
Mx 	4.4700
Mx 	5.2600
Mx 	4.4700
T	79 a=5.4200 70 a=4.4700 75 a=2.7200 77 a=2.6400 169 a=4.4700 81 a=5.1900 70 a=4.4700	(nejlépe)
Mx 	138.3207
T	84 70 w=8.3700	(se)
Mx 	152.6446
T	86 78 173 84 85 74 77 66 w=32.9000	(umístila)
Mx 	191.4985
T	79 66 w=9.9900	(na)
Mx 	207.4424
T	35 70 w=10.3500	(Be)
Mx 	217.7924
T	14 w=3.3800	(-)
Mx 	56.6929
My 	87.6729
Mx 	5.4200
Mx 	4.5400
Mx 	4.2800
Mx 	5.1200
Mx 	5.3100
T	79 a=5.4200 70 a=4.4700 68 a=4.2800 76 a=5.1200 86 a=5.3100	(necku)
Mx 	83.7968
T	79 66 w=9.9900	(na)
Mx 	96.2207
T	21 w=4.6500	(4)
Mx 	100.8707
T	15 w=2.2000	(.)
Mx 	105.5046
T	78 173 84 85 219 w=22.1400	(místě)
Mx 	127.6446
T	15 w=2.2000	(.)
Mx 	132.2785
T	46 66 72 69 66 77 169 79 66 w=44.6900	(Magdaléna)
Mx 	179.4024
Mx 	6.4600
Mx 	5.3800
Mx 	3.7200
Mx 	4.5700
Mx 	3.9000
Mx 	3.1600
Mx 	4.9700
Mx 	4.9700
Mx 	4.5700
T	36 a=6.4600 73 a=5.3800 83 a=3.7200 161 a=4.5700 84 a=3.9000 85 a=3.1600 80 a=5.0400 87 a=4.9700 161 a=4.5700	(Chrástová)
Mx 	56.6929
My 	99.6729
T	84 76 80 79 205 74 77 66 w=33.6800	(skončila)
Mx 	93.5578
T	79 66 w=9.9900	(na)
Mx 	106.7326
T	78 173 84 85 219 w=22.1400	(místě)
Mx 	132.0575
Mx 	3.9000
Mx 	4.5400
Mx 	5.0600
Mx 	7.9000
Mx 	5.4200
Mx 	4.5700
Mx 	4.2800
Mx 	3.1600
Mx 	4.4700
Mx 	7.9000
T	84 a=3.9000 70 a=4.4700 69 a=5.0600 78 a=7.9000 79 a=5.4200 161 a=4.5700 68 a=4.2800 85 a=3.1600 169 a=4.4700 78 a=7.9000	(sedmnáctém)
T	13 w=2.2000	(,)
Mx 	188.6424
Mx 	5.8800
Mx 	4.5700
Mx 	3.7200
Mx 	5.0300
Mx 	5.0400
Mx 	3.7200
Mx 	4.5700
T	35 a=5.8800 66 a=4.5700 83 a=3.7200 67 a=4.9300 80 a=5.0400 83 a=3.7200 66 a=4.5700	(Barbora)
Mx 	56.6929
My 	111.6729
Mx 	4.8500
Mx 	5.3100
Mx 	2.6400
Mx 	4.2800
Mx 	4.9700
Mx 	4.9700
Mx 	4.5700
T	288 a=4.8500 86 a=5.3100 77 a=2.6400 68 a=4.2800 80 a=5.0400 87 a=4.9700 161 a=4.5700	(Šulcová)
Mx 	91.2926
T	67 90 77 66 w=17.2900	(byla)
Mx 	111.5922
Mx 	5.3800
Mx 	5.4200
Mx 	4.5400
Mx 	5.0600
T	73 a=5.3800 79 a=5.4200 70 a=4.4700 69 a=5.0600	(hned)
Mx 	135.0019
T	91 66 w=8.8100	(za)
End page
Finish
