Set paper size 	297.6377985	419.5275636
Begin page
Mx 	34.8819
My 	29.8410
Set font 	Libertinus Serif;12.7;400;;normal;;LTR
Mx 	7.4549
Mx 	5.8039
Mx 	6.0071
Mx 	2.4130
Mx 	6.2611
Mx 	3.4417
Mx 	10.0330
Mx 	3.4417
Mx 	5.3848
Mx 	5.6769
T	51 a=7.4549 66 a=5.8039 67 a=6.2611 8 a=2.4130 67 a=6.2611 74 a=3.4417 78 a=10.0330 74 a=3.4417 91 a=5.3848 70 a=5.6769	(Rab'bimize)
Mx 	96.5773
Mx 	6.9596
Mx 	5.8039
Mx 	6.8834
Mx 	4.7244
Mx 	3.4417
Mx 	2.4130
Mx 	6.8834
Mx 	3.4417
Mx 	6.8834
T	53 a=7.5819 66 a=5.8039 79 a=6.8834 83 a=4.7244 241 a=3.4417 8 a=2.4130 79 a=6.8834 241 a=3.4417 79 a=6.8834	(Tanrı'nın)
Mx 	149.7892
Mx 	7.4549
Mx 	5.8039
Mx 	6.0071
Mx 	2.4130
Mx 	6.2611
Mx 	3.4417
Mx 	10.0330
Mx 	3.4417
Mx 	5.3848
Mx 	5.6769
T	51 a=7.4549 66 a=5.8039 67 a=6.2611 8 a=2.4130 67 a=6.2611 74 a=3.4417 78 a=10.0330 74 a=3.4417 91 a=5.3848 70 a=5.6769	(Rab'bimize)
Mx 	211.4847
Mx 	6.9596
Mx 	5.8039
Mx 	6.8834
Mx 	4.7244
Mx 	3.4417
Mx 	2.4130
Mx 	6.8834
Mx 	3.4417
Mx 	6.8834
T	53 a=7.5819 66 a=5.8039 79 a=6.8834 83 a=4.7244 241 a=3.4417 8 a=2.4130 79 a=6.8834 241 a=3.4417 79 a=6.8834	(Tanrı'nın)
Mx 	264.6965
T	51 66 w=13.2588	(Ra)
Mx 	277.9553
T	14 w=4.2926	(-)
Mx 	14.8819
My 	45.0810
T	67 w=6.2611	(b)
Mx 	21.1430
T	8 w=2.4130	(')
Mx 	23.5560
T	67 74 w=9.7028	(bi)
Mx 	33.2588
T	78 74 91 70 w=24.5364	(mize)
Mx 	62.2321
Mx 	6.9596
Mx 	5.8039
Mx 	6.8834
Mx 	4.7244
Mx 	3.4417
Mx 	2.4130
Mx 	6.8834
Mx 	3.4417
Mx 	6.8834
T	53 a=7.5819 66 a=5.8039 79 a=6.8834 83 a=4.7244 241 a=3.4417 8 a=2.4130 79 a=6.8834 241 a=3.4417 79 a=6.8834	(Tanrı'nın)
Mx 	114.1034
Mx 	7.4549
Mx 	5.8039
Mx 	6.0071
Mx 	2.4130
Mx 	6.2611
Mx 	3.4417
Mx 	10.0330
Mx 	3.4417
Mx 	5.3848
Mx 	5.6769
T	51 a=7.4549 66 a=5.8039 67 a=6.2611 8 a=2.4130 67 a=6.2611 74 a=3.4417 78 a=10.0330 74 a=3.4417 91 a=5.3848 70 a=5.6769	(Rab'bimize)
Mx 	174.4584
Mx 	6.9596
Mx 	5.8039
Mx 	6.8834
Mx 	4.7244
Mx 	3.4417
Mx 	2.4130
Mx 	6.8834
Mx 	3.4417
Mx 	6.8834
T	53 a=7.5819 66 a=5.8039 79 a=6.8834 83 a=4.7244 241 a=3.4417 8 a=2.4130 79 a=6.8834 241 a=3.4417 79 a=6.8834	(Tanrı'nın)
Mx 	226.3298
Mx 	7.4549
Mx 	5.8039
Mx 	6.0071
Mx 	2.4130
Mx 	6.2611
Mx 	3.4417
Mx 	10.0330
Mx 	3.4417
Mx 	5.3848
Mx 	5.6769
T	51 a=7.4549 66 a=5.8039 67 a=6.2611 8 a=2.4130 67 a=6.2611 74 a=3.4417 78 a=10.0330 74 a=3.4417 91 a=5.3848 70 a=5.6769	(Rab'bimize)
Mx 	14.8819
My 	60.3210
Mx 	6.9596
Mx 	5.8039
Mx 	6.8834
Mx 	4.7244
Mx 	3.4417
Mx 	2.4130
Mx 	6.8834
Mx 	3.4417
Mx 	6.8834
T	53 a=7.5819 66 a=5.8039 79 a=6.8834 83 a=4.7244 241 a=3.4417 8 a=2.4130 79 a=6.8834 241 a=3.4417 79 a=6.8834	(Tanrı'nın)
Mx 	65.6230
Mx 	7.4549
Mx 	5.8039
Mx 	6.0071
Mx 	2.4130
Mx 	6.2611
Mx 	3.4417
Mx 	10.0330
Mx 	3.4417
Mx 	5.3848
Mx 	5.6769
T	51 a=7.4549 66 a=5.8039 67 a=6.2611 8 a=2.4130 67 a=6.2611 74 a=3.4417 78 a=10.0330 74 a=3.4417 91 a=5.3848 70 a=5.6769	(Rab'bimize)
Mx 	124.8476
Mx 	6.9596
Mx 	5.8039
Mx 	6.8834
Mx 	4.7244
Mx 	3.4417
Mx 	2.4130
Mx 	6.8834
Mx 	3.4417
Mx 	6.8834
T	53 a=7.5819 66 a=5.8039 79 a=6.8834 83 a=4.7244 241 a=3.4417 8 a=2.4130 79 a=6.8834 241 a=3.4417 79 a=6.8834	(Tanrı'nın)
Mx 	175.5887
Mx 	7.4549
Mx 	5.8039
Mx 	6.0071
Mx 	2.4130
Mx 	6.2611
Mx 	3.4417
Mx 	10.0330
Mx 	3.4417
Mx 	5.3848
Mx 	5.6769
T	51 a=7.4549 66 a=5.8039 67 a=6.2611 8 a=2.4130 67 a=6.2611 74 a=3.4417 78 a=10.0330 74 a=3.4417 91 a=5.3848 70 a=5.6769	(Rab'bimize)
Mx 	234.8134
Mx 	6.9596
Mx 	5.8039
Mx 	6.8834
Mx 	4.7244
Mx 	3.4417
Mx 	2.4130
Mx 	6.8834
Mx 	3.4417
Mx 	6.8834
T	53 a=7.5819 66 a=5.8039 79 a=6.8834 83 a=4.7244 241 a=3.4417 8 a=2.4130 79 a=6.8834 241 a=3.4417 79 a=6.8834	(Tanrı'nın)
Mx 	14.8819
My 	75.5610
Mx 	7.4549
Mx 	5.8039
Mx 	6.0071
Mx 	2.4130
Mx 	6.2611
Mx 	3.4417
Mx 	10.0330
Mx 	3.4417
Mx 	5.3848
Mx 	5.6769
T	51 a=7.4549 66 a=5.8039 67 a=6.2611 8 a=2.4130 67 a=6.2611 74 a=3.4417 78 a=10.0330 74 a=3.4417 91 a=5.3848 70 a=5.6769	(Rab'bimize)
Mx 	76.9831
Mx 	6.9596
Mx 	5.8039
Mx 	6.8834
Mx 	4.7244
Mx 	3.4417
Mx 	2.4130
Mx 	6.8834
Mx 	3.4417
Mx 	6.8834
T	53 a=7.5819 66 a=5.8039 79 a=6.8834 83 a=4.7244 241 a=3.4417 8 a=2.4130 79 a=6.8834 241 a=3.4417 79 a=6.8834	(Tanrı'nın)
Mx 	130.6007
Mx 	7.4549
Mx 	5.8039
Mx 	6.0071
Mx 	2.4130
Mx 	6.2611
Mx 	3.4417
Mx 	10.0330
Mx 	3.4417
Mx 	5.3848
Mx 	5.6769
T	51 a=7.4549 66 a=5.8039 67 a=6.2611 8 a=2.4130 67 a=6.2611 74 a=3.4417 78 a=10.0330 74 a=3.4417 91 a=5.3848 70 a=5.6769	(Rab'bimize)
Mx 	192.7020
Mx 	6.9596
Mx 	5.8039
Mx 	6.8834
Mx 	4.7244
Mx 	3.4417
Mx 	2.4130
Mx 	6.8834
Mx 	3.4417
Mx 	6.8834
T	53 a=7.5819 66 a=5.8039 79 a=6.8834 83 a=4.7244 241 a=3.4417 8 a=2.4130 79 a=6.8834 241 a=3.4417 79 a=6.8834	(Tanrı'nın)
Mx 	246.3196
T	51 66 w=13.2588	(Ra)
Mx 	259.5784
T	67 w=6.2611	(b)
Mx 	265.8395
T	8 w=2.4130	(')
Mx 	268.2525
T	67 74 w=9.7028	(bi)
Mx 	277.9553
T	14 w=4.2926	(-)
Mx 	14.8819
My 	90.8010
T	78 74 91 70 w=24.5364	(mize)
Mx 	42.1700
Mx 	6.9596
Mx 	5.8039
Mx 	6.8834
Mx 	4.7244
Mx 	3.4417
Mx 	2.4130
Mx 	6.8834
Mx 	3.4417
Mx 	6.8834
T	53 a=7.5819 66 a=5.8039 79 a=6.8834 83 a=4.7244 241 a=3.4417 8 a=2.4130 79 a=6.8834 241 a=3.4417 79 a=6.8834	(Tanrı'nın)
Mx 	92.3561
Mx 	7.4549
Mx 	5.8039
Mx 	6.0071
Mx 	2.4130
Mx 	6.2611
Mx 	3.4417
Mx 	10.0330
Mx 	3.4417
Mx 	5.3848
Mx 	5.6769
T	51 a=7.4549 66 a=5.8039 67 a=6.2611 8 a=2.4130 67 a=6.2611 74 a=3.4417 78 a=10.0330 74 a=3.4417 91 a=5.3848 70 a=5.6769	(Rab'bimize)
Mx 	151.0259
Mx 	6.9596
Mx 	5.8039
Mx 	6.8834
Mx 	4.7244
Mx 	3.4417
Mx 	2.4130
Mx 	6.8834
Mx 	3.4417
Mx 	6.8834
T	53 a=7.5819 66 a=5.8039 79 a=6.8834 83 a=4.7244 241 a=3.4417 8 a=2.4130 79 a=6.8834 241 a=3.4417 79 a=6.8834	(Tanrı'nın)
Mx 	201.2121
Mx 	7.4549
Mx 	5.8039
Mx 	6.0071
Mx 	2.4130
Mx 	6.2611
Mx 	3.4417
Mx 	10.0330
Mx 	3.4417
Mx 	5.3848
Mx 	5.6769
T	51 a=7.4549 66 a=5.8039 67 a=6.2611 8 a=2.4130 67 a=6.2611 74 a=3.4417 78 a=10.0330 74 a=3.4417 91 a=5.3848 70 a=5.6769	(Rab'bimize)
Mx 	259.8818
Mx 	6.9596
Mx 	5.8039
Mx 	6.8834
T	53 a=7.5819 66 a=5.8039 79 a=6.8834	(Tan)
T	14 w=4.2926	(-)
Mx 	14.8819
My 	106.0410
T	83 241 w=8.1661	(rı)
Mx 	23.0480
T	8 w=2.4130	(')
Mx 	25.4610
T	79 241 79 w=17.2085	(nın)
Mx 	45.7339
Mx 	7.4549
Mx 	5.8039
Mx 	6.0071
Mx 	2.4130
Mx 	6.2611
Mx 	3.4417
Mx 	10.0330
Mx 	3.4417
Mx 	5.3848
Mx 	5.6769
T	51 a=7.4549 66 a=5.8039 67 a=6.2611 8 a=2.4130 67 a=6.2611 74 a=3.4417 78 a=10.0330 74 a=3.4417 91 a=5.3848 70 a=5.6769	(Rab'bimize)
Mx 	104.7163
Mx 	6.9596
Mx 	5.8039
Mx 	6.8834
Mx 	4.7244
Mx 	3.4417
Mx 	2.4130
Mx 	6.8834
Mx 	3.4417
Mx 	6.8834
T	53 a=7.5819 66 a=5.8039 79 a=6.8834 83 a=4.7244 241 a=3.4417 8 a=2.4130 79 a=6.8834 241 a=3.4417 79 a=6.8834	(Tanrı'nın)
Mx 	155.2152
Mx 	7.4549
Mx 	5.8039
Mx 	6.0071
Mx 	2.4130
Mx 	6.2611
Mx 	3.4417
Mx 	10.0330
Mx 	3.4417
Mx 	5.3848
Mx 	5.6769
T	51 a=7.4549 66 a=5.8039 67 a=6.2611 8 a=2.4130 67 a=6.2611 74 a=3.4417 78 a=10.0330 74 a=3.4417 91 a=5.3848 70 a=5.6769	(Rab'bimize)
Mx 	214.1976
Mx 	6.9596
Mx 	5.8039
Mx 	6.8834
Mx 	4.7244
Mx 	3.4417
Mx 	2.4130
Mx 	6.8834
Mx 	3.4417
Mx 	6.8834
T	53 a=7.5819 66 a=5.8039 79 a=6.8834 83 a=4.7244 241 a=3.4417 8 a=2.4130 79 a=6.8834 241 a=3.4417 79 a=6.8834	(Tanrı'nın)
Mx 	264.6965
T	51 66 w=13.2588	(Ra)
Mx 	277.9553
T	14 w=4.2926	(-)
Mx 	14.8819
My 	121.2810
T	67 w=6.2611	(b)
Mx 	21.1430
T	8 w=2.4130	(')
Mx 	23.5560
T	67 74 w=9.7028	(bi)
Mx 	33.2588
T	78 74 91 70 w=24.5364	(mize)
Mx 	62.2321
Mx 	6.9596
Mx 	5.8039
Mx 	6.8834
Mx 	4.7244
Mx 	3.4417
Mx 	2.4130
Mx 	6.8834
Mx 	3.4417
Mx 	6.8834
T	53 a=7.5819 66 a=5.8039 79 a=6.8834 83 a=4.7244 241 a=3.4417 8 a=2.4130 79 a=6.8834 241 a=3.4417 79 a=6.8834	(Tanrı'nın)
Mx 	114.1034
Mx 	7.4549
Mx 	5.8039
Mx 	6.0071
Mx 	2.4130
Mx 	6.2611
Mx 	3.4417
Mx 	10.0330
Mx 	3.4417
Mx 	5.3848
Mx 	5.6769
T	51 a=7.4549 66 a=5.8039 67 a=6.2611 8 a=2.4130 67 a=6.2611 74 a=3.4417 78 a=10.0330 74 a=3.4417 91 a=5.3848 70 a=5.6769	(Rab'bimize)
Mx 	174.4584
Mx 	6.9596
Mx 	5.8039
Mx 	6.8834
Mx 	4.7244
Mx 	3.4417
Mx 	2.4130
Mx 	6.8834
Mx 	3.4417
Mx 	6.8834
T	53 a=7.5819 66 a=5.8039 79 a=6.8834 83 a=4.7244 241 a=3.4417 8 a=2.4130 79 a=6.8834 241 a=3.4417 79 a=6.8834	(Tanrı'nın)
Mx 	226.3298
Mx 	7.4549
Mx 	5.8039
Mx 	6.0071
Mx 	2.4130
Mx 	6.2611
Mx 	3.4417
Mx 	10.0330
Mx 	3.4417
Mx 	5.3848
Mx 	5.6769
T	51 a=7.4549 66 a=5.8039 67 a=6.2611 8 a=2.4130 67 a=6.2611 74 a=3.4417 78 a=10.0330 74 a=3.4417 91 a=5.3848 70 a=5.6769	(Rab'bimize)
Mx 	14.8819
My 	136.5210
Mx 	6.9596
Mx 	5.8039
Mx 	6.8834
Mx 	4.7244
Mx 	3.4417
Mx 	2.4130
Mx 	6.8834
Mx 	3.4417
Mx 	6.8834
T	53 a=7.5819 66 a=5.8039 79 a=6.8834 83 a=4.7244 241 a=3.4417 8 a=2.4130 79 a=6.8834 241 a=3.4417 79 a=6.8834	(Tanrı'nın)
Mx 	66.1342
Mx 	7.4549
Mx 	5.8039
Mx 	6.0071
Mx 	2.4130
Mx 	6.2611
Mx 	3.4417
Mx 	10.0330
Mx 	3.4417
Mx 	5.3848
Mx 	5.6769
T	51 a=7.4549 66 a=5.8039 67 a=6.2611 8 a=2.4130 67 a=6.2611 74 a=3.4417 78 a=10.0330 74 a=3.4417 91 a=5.3848 70 a=5.6769	(Rab'bimize)
Mx 	125.8701
Mx 	6.9596
Mx 	5.8039
Mx 	6.8834
Mx 	4.7244
Mx 	3.4417
Mx 	2.4130
Mx 	6.8834
Mx 	3.4417
Mx 	6.8834
T	53 a=7.5819 66 a=5.8039 79 a=6.8834 83 a=4.7244 241 a=3.4417 8 a=2.4130 79 a=6.8834 241 a=3.4417 79 a=6.8834	(Tanrı'nın)
Mx 	177.1224
Mx 	7.4549
Mx 	5.8039
Mx 	6.0071
Mx 	2.4130
Mx 	6.2611
Mx 	3.4417
Mx 	10.0330
Mx 	3.4417
Mx 	5.3848
Mx 	5.6769
T	51 a=7.4549 66 a=5.8039 67 a=6.2611 8 a=2.4130 67 a=6.2611 74 a=3.4417 78 a=10.0330 74 a=3.4417 91 a=5.3848 70 a=5.6769	(Rab'bimize)
Mx 	34.8819
My 	151.7610
Mx 	7.4549
Mx 	5.8039
Mx 	6.0071
Mx 	3.4036
Mx 	6.2611
Mx 	3.4417
Mx 	10.0330
Mx 	3.4417
Mx 	5.3848
Mx 	5.6769
T	51 a=7.4549 66 a=5.8039 67 a=6.2611 1759 a=3.4036 67 a=6.2611 74 a=3.4417 78 a=10.0330 74 a=3.4417 91 a=5.3848 70 a=5.6769	(Rab’bimize)
Mx 	95.0121
Mx 	6.9596
Mx 	5.8039
Mx 	6.8834
Mx 	4.7244
Mx 	3.4417
Mx 	3.4036
Mx 	6.8834
Mx 	3.4417
Mx 	6.8834
T	53 a=7.5819 66 a=5.8039 79 a=6.8834 83 a=4.7244 241 a=3.4417 1759 a=3.4036 79 a=6.8834 241 a=3.4417 79 a=6.8834	(Tanrı’nın)
Mx 	146.6586
Mx 	7.4549
Mx 	5.8039
Mx 	6.0071
Mx 	3.4036
Mx 	6.2611
Mx 	3.4417
Mx 	10.0330
Mx 	3.4417
Mx 	5.3848
Mx 	5.6769
T	51 a=7.4549 66 a=5.8039 67 a=6.2611 1759 a=3.4036 67 a=6.2611 74 a=3.4417 78 a=10.0330 74 a=3.4417 91 a=5.3848 70 a=5.6769	(Rab’bimize)
Mx 	206.7888
Mx 	6.9596
Mx 	5.8039
Mx 	6.8834
Mx 	4.7244
Mx 	3.4417
Mx 	3.4036
Mx 	6.8834
Mx 	3.4417
Mx 	6.8834
T	53 a=7.5819 66 a=5.8039 79 a=6.8834 83 a=4.7244 241 a=3.4417 1759 a=3.4036 79 a=6.8834 241 a=3.4417 79 a=6.8834	(Tanrı’nın)
Mx 	258.4354
T	51 66 w=13.2588	(Ra)
Mx 	271.6942
T	67 w=6.2611	(b)
Mx 	277.9553
T	14 w=4.2926	(-)
Mx 	14.8819
My 	167.0010
T	1759 w=3.4036	(’)
Mx 	18.2855
T	67 74 w=9.7028	(bi)
Mx 	27.9883
T	78 74 91 70 w=24.5364	(mize)
Mx 	57.2886
Mx 	6.9596
Mx 	5.8039
Mx 	6.8834
Mx 	4.7244
Mx 	3.4417
Mx 	3.4036
Mx 	6.8834
Mx 	3.4417
Mx 	6.8834
T	53 a=7.5819 66 a=5.8039 79 a=6.8834 83 a=4.7244 241 a=3.4417 1759 a=3.4036 79 a=6.8834 241 a=3.4417 79 a=6.8834	(Tanrı’nın)
Mx 	110.4776
Mx 	7.4549
Mx 	5.8039
Mx 	6.0071
Mx 	3.4036
Mx 	6.2611
Mx 	3.4417
Mx 	10.0330
Mx 	3.4417
Mx 	5.3848
Mx 	5.6769
T	51 a=7.4549 66 a=5.8039 67 a=6.2611 1759 a=3.4036 67 a=6.2611 74 a=3.4417 78 a=10.0330 74 a=3.4417 91 a=5.3848 70 a=5.6769	(Rab’bimize)
Mx 	172.1502
Mx 	6.9596
Mx 	5.8039
Mx 	6.8834
Mx 	4.7244
Mx 	3.4417
Mx 	3.4036
Mx 	6.8834
Mx 	3.4417
Mx 	6.8834
T	53 a=7.5819 66 a=5.8039 79 a=6.8834 83 a=4.7244 241 a=3.4417 1759 a=3.4036 79 a=6.8834 241 a=3.4417 79 a=6.8834	(Tanrı’nın)
Mx 	225.3392
Mx 	7.4549
Mx 	5.8039
Mx 	6.0071
Mx 	3.4036
Mx 	6.2611
Mx 	3.4417
Mx 	10.0330
Mx 	3.4417
Mx 	5.3848
Mx 	5.6769
T	51 a=7.4549 66 a=5.8039 67 a=6.2611 1759 a=3.4036 67 a=6.2611 74 a=3.4417 78 a=10.0330 74 a=3.4417 91 a=5.3848 70 a=5.6769	(Rab’bimize)
Mx 	14.8819
My 	182.2410
Mx 	6.9596
Mx 	5.8039
Mx 	6.8834
Mx 	4.7244
Mx 	3.4417
Mx 	3.4036
Mx 	6.8834
Mx 	3.4417
Mx 	6.8834
T	53 a=7.5819 66 a=5.8039 79 a=6.8834 83 a=4.7244 241 a=3.4417 1759 a=3.4036 79 a=6.8834 241 a=3.4417 79 a=6.8834	(Tanrı’nın)
Mx 	68.6043
Mx 	7.4549
Mx 	5.8039
Mx 	6.0071
Mx 	3.4036
Mx 	6.2611
Mx 	3.4417
Mx 	10.0330
Mx 	3.4417
Mx 	5.3848
Mx 	5.6769
T	51 a=7.4549 66 a=5.8039 67 a=6.2611 1759 a=3.4036 67 a=6.2611 74 a=3.4417 78 a=10.0330 74 a=3.4417 91 a=5.3848 70 a=5.6769	(Rab’bimize)
Mx 	130.8103
Mx 	6.9596
Mx 	5.8039
Mx 	6.8834
Mx 	4.7244
Mx 	3.4417
Mx 	3.4036
Mx 	6.8834
Mx 	3.4417
Mx 	6.8834
T	53 a=7.5819 66 a=5.8039 79 a=6.8834 83 a=4.7244 241 a=3.4417 1759 a=3.4036 79 a=6.8834 241 a=3.4417 79 a=6.8834	(Tanrı’nın)
Mx 	184.5327
Mx 	7.4549
Mx 	5.8039
Mx 	6.0071
Mx 	3.4036
Mx 	6.2611
Mx 	3.4417
Mx 	10.0330
Mx 	3.4417
Mx 	5.3848
Mx 	5.6769
T	51 a=7.4549 66 a=5.8039 67 a=6.2611 1759 a=3.4036 67 a=6.2611 74 a=3.4417 78 a=10.0330 74 a=3.4417 91 a=5.3848 70 a=5.6769	(Rab’bimize)
Mx 	246.7387
Mx 	6.9596
Mx 	5.8039
Mx 	6.8834
T	53 a=7.5819 66 a=5.8039 79 a=6.8834	(Tan)
T	83 241 w=8.1661	(rı)
Mx 	274.5517
T	1759 w=3.4036	(’)
Mx 	277.9553
T	14 w=4.2926	(-)
Mx 	14.8819
My 	197.4810
T	79 241 79 w=17.2085	(nın)
Mx 	36.4781
Mx 	7.4549
Mx 	5.8039
Mx 	6.0071
Mx 	3.4036
Mx 	6.2611
Mx 	3.4417
Mx 	10.0330
Mx 	3.4417
Mx 	5.3848
Mx 	5.6769
T	51 a=7.4549 66 a=5.8039 67 a=6.2611 1759 a=3.4036 67 a=6.2611 74 a=3.4417 78 a=10.0330 74 a=3.4417 91 a=5.3848 70 a=5.6769	(Rab’bimize)
Mx 	97.7745
Mx 	6.9596
Mx 	5.8039
Mx 	6.8834
Mx 	4.7244
Mx 	3.4417
Mx 	3.4036
Mx 	6.8834
Mx 	3.4417
Mx 	6.8834
T	53 a=7.5819 66 a=5.8039 79 a=6.8834 83 a=4.7244 241 a=3.4417 1759 a=3.4036 79 a=6.8834 241 a=3.4417 79 a=6.8834	(Tanrı’nın)
Mx 	150.5873
Mx 	7.4549
Mx 	5.8039
Mx 	6.0071
Mx 	3.4036
Mx 	6.2611
Mx 	3.4417
Mx 	10.0330
Mx 	3.4417
Mx 	5.3848
Mx 	5.6769
T	51 a=7.4549 66 a=5.8039 67 a=6.2611 1759 a=3.4036 67 a=6.2611 74 a=3.4417 78 a=10.0330 74 a=3.4417 91 a=5.3848 70 a=5.6769	(Rab’bimize)
Mx 	211.8837
Mx 	6.9596
Mx 	5.8039
Mx 	6.8834
Mx 	4.7244
Mx 	3.4417
Mx 	3.4036
Mx 	6.8834
Mx 	3.4417
Mx 	6.8834
T	53 a=7.5819 66 a=5.8039 79 a=6.8834 83 a=4.7244 241 a=3.4417 1759 a=3.4036 79 a=6.8834 241 a=3.4417 79 a=6.8834	(Tanrı’nın)
Mx 	264.6965
T	51 66 w=13.2588	(Ra)
Mx 	277.9553
T	14 w=4.2926	(-)
Mx 	14.8819
My 	212.7210
T	67 w=6.2611	(b)
Mx 	21.1430
T	1759 w=3.4036	(’)
Mx 	24.5466
T	67 74 w=9.7028	(bi)
Mx 	34.2494
T	78 74 91 70 w=24.5364	(mize)
Mx 	61.9844
Mx 	6.9596
Mx 	5.8039
Mx 	6.8834
Mx 	4.7244
Mx 	3.4417
Mx 	3.4036
Mx 	6.8834
Mx 	3.4417
Mx 	6.8834
T	53 a=7.5819 66 a=5.8039 79 a=6.8834 83 a=4.7244 241 a=3.4417 1759 a=3.4036 79 a=6.8834 241 a=3.4417 79 a=6.8834	(Tanrı’nın)
Mx 	113.6081
Mx 	7.4549
Mx 	5.8039
Mx 	6.0071
Mx 	3.4036
Mx 	6.2611
Mx 	3.4417
Mx 	10.0330
Mx 	3.4417
Mx 	5.3848
Mx 	5.6769
T	51 a=7.4549 66 a=5.8039 67 a=6.2611 1759 a=3.4036 67 a=6.2611 74 a=3.4417 78 a=10.0330 74 a=3.4417 91 a=5.3848 70 a=5.6769	(Rab’bimize)
Mx 	173.7155
Mx 	6.9596
Mx 	5.8039
Mx 	6.8834
Mx 	4.7244
Mx 	3.4417
Mx 	3.4036
Mx 	6.8834
Mx 	3.4417
Mx 	6.8834
T	53 a=7.5819 66 a=5.8039 79 a=6.8834 83 a=4.7244 241 a=3.4417 1759 a=3.4036 79 a=6.8834 241 a=3.4417 79 a=6.8834	(Tanrı’nın)
Mx 	225.3392
Mx 	7.4549
Mx 	5.8039
Mx 	6.0071
Mx 	3.4036
Mx 	6.2611
Mx 	3.4417
Mx 	10.0330
Mx 	3.4417
Mx 	5.3848
Mx 	5.6769
T	51 a=7.4549 66 a=5.8039 67 a=6.2611 1759 a=3.4036 67 a=6.2611 74 a=3.4417 78 a=10.0330 74 a=3.4417 91 a=5.3848 70 a=5.6769	(Rab’bimize)
Mx 	14.8819
My 	227.9610
Mx 	6.9596
Mx 	5.8039
Mx 	6.8834
Mx 	4.7244
Mx 	3.4417
Mx 	3.4036
Mx 	6.8834
Mx 	3.4417
Mx 	6.8834
T	53 a=7.5819 66 a=5.8039 79 a=6.8834 83 a=4.7244 241 a=3.4417 1759 a=3.4036 79 a=6.8834 241 a=3.4417 79 a=6.8834	(Tanrı’nın)
Mx 	68.6043
Mx 	7.4549
Mx 	5.8039
Mx 	6.0071
Mx 	3.4036
Mx 	6.2611
Mx 	3.4417
Mx 	10.0330
Mx 	3.4417
Mx 	5.3848
Mx 	5.6769
T	51 a=7.4549 66 a=5.8039 67 a=6.2611 1759 a=3.4036 67 a=6.2611 74 a=3.4417 78 a=10.0330 74 a=3.4417 91 a=5.3848 70 a=5.6769	(Rab’bimize)
Mx 	130.8103
Mx 	6.9596
Mx 	5.8039
Mx 	6.8834
Mx 	4.7244
Mx 	3.4417
Mx 	3.4036
Mx 	6.8834
Mx 	3.4417
Mx 	6.8834
T	53 a=7.5819 66 a=5.8039 79 a=6.8834 83 a=4.7244 241 a=3.4417 1759 a=3.4036 79 a=6.8834 241 a=3.4417 79 a=6.8834	(Tanrı’nın)
Mx 	184.5327
Mx 	7.4549
Mx 	5.8039
Mx 	6.0071
Mx 	3.4036
Mx 	6.2611
Mx 	3.4417
Mx 	10.0330
Mx 	3.4417
Mx 	5.3848
Mx 	5.6769
T	51 a=7.4549 66 a=5.8039 67 a=6.2611 1759 a=3.4036 67 a=6.2611 74 a=3.4417 78 a=10.0330 74 a=3.4417 91 a=5.3848 70 a=5.6769	(Rab’bimize)
Mx 	246.7387
Mx 	6.9596
Mx 	5.8039
Mx 	6.8834
T	53 a=7.5819 66 a=5.8039 79 a=6.8834	(Tan)
T	83 241 w=8.1661	(rı)
Mx 	274.5517
T	1759 w=3.4036	(’)
Mx 	277.9553
T	14 w=4.2926	(-)
Mx 	14.8819
My 	243.2010
T	79 241 79 w=17.2085	(nın)
Mx 	36.4781
Mx 	7.4549
Mx 	5.8039
Mx 	6.0071
Mx 	3.4036
Mx 	6.2611
Mx 	3.4417
Mx 	10.0330
Mx 	3.4417
Mx 	5.3848
Mx 	5.6769
T	51 a=7.4549 66 a=5.8039 67 a=6.2611 1759 a=3.4036 67 a=6.2611 74 a=3.4417 78 a=10.0330 74 a=3.4417 91 a=5.3848 70 a=5.6769	(Rab’bimize)
Mx 	97.7745
Mx 	6.9596
Mx 	5.8039
Mx 	6.8834
Mx 	4.7244
Mx 	3.4417
Mx 	3.4036
Mx 	6.8834
Mx 	3.4417
Mx 	6.8834
T	53 a=7.5819 66 a=5.8039 79 a=6.8834 83 a=4.7244 241 a=3.4417 1759 a=3.4036 79 a=6.8834 241 a=3.4417 79 a=6.8834	(Tanrı’nın)
Mx 	150.5873
Mx 	7.4549
Mx 	5.8039
Mx 	6.0071
Mx 	3.4036
Mx 	6.2611
Mx 	3.4417
Mx 	10.0330
Mx 	3.4417
Mx 	5.3848
Mx 	5.6769
T	51 a=7.4549 66 a=5.8039 67 a=6.2611 1759 a=3.4036 67 a=6.2611 74 a=3.4417 78 a=10.0330 74 a=3.4417 91 a=5.3848 70 a=5.6769	(Rab’bimize)
Mx 	211.8837
Mx 	6.9596
Mx 	5.8039
Mx 	6.8834
Mx 	4.7244
Mx 	3.4417
Mx 	3.4036
Mx 	6.8834
Mx 	3.4417
Mx 	6.8834
T	53 a=7.5819 66 a=5.8039 79 a=6.8834 83 a=4.7244 241 a=3.4417 1759 a=3.4036 79 a=6.8834 241 a=3.4417 79 a=6.8834	(Tanrı’nın)
Mx 	264.6965
T	51 66 w=13.2588	(Ra)
Mx 	277.9553
T	14 w=4.2926	(-)
Mx 	14.8819
My 	258.4410
T	67 w=6.2611	(b)
Mx 	21.1430
T	1759 w=3.4036	(’)
Mx 	24.5466
T	67 74 w=9.7028	(bi)
Mx 	34.2494
T	78 74 91 70 w=24.5364	(mize)
Mx 	61.9844
Mx 	6.9596
Mx 	5.8039
Mx 	6.8834
Mx 	4.7244
Mx 	3.4417
Mx 	3.4036
Mx 	6.8834
Mx 	3.4417
Mx 	6.8834
T	53 a=7.5819 66 a=5.8039 79 a=6.8834 83 a=4.7244 241 a=3.4417 1759 a=3.4036 79 a=6.8834 241 a=3.4417 79 a=6.8834	(Tanrı’nın)
Mx 	113.6081
Mx 	7.4549
Mx 	5.8039
Mx 	6.0071
Mx 	3.4036
Mx 	6.2611
Mx 	3.4417
Mx 	10.0330
Mx 	3.4417
Mx 	5.3848
Mx 	5.6769
T	51 a=7.4549 66 a=5.8039 67 a=6.2611 1759 a=3.4036 67 a=6.2611 74 a=3.4417 78 a=10.0330 74 a=3.4417 91 a=5.3848 70 a=5.6769	(Rab’bimize)
Mx 	173.7155
Mx 	6.9596
Mx 	5.8039
Mx 	6.8834
Mx 	4.7244
Mx 	3.4417
Mx 	3.4036
Mx 	6.8834
Mx 	3.4417
Mx 	6.8834
T	53 a=7.5819 66 a=5.8039 79 a=6.8834 83 a=4.7244 241 a=3.4417 1759 a=3.4036 79 a=6.8834 241 a=3.4417 79 a=6.8834	(Tanrı’nın)
Mx 	225.3392
Mx 	7.4549
Mx 	5.8039
Mx 	6.0071
Mx 	3.4036
Mx 	6.2611
Mx 	3.4417
Mx 	10.0330
Mx 	3.4417
Mx 	5.3848
Mx 	5.6769
T	51 a=7.4549 66 a=5.8039 67 a=6.2611 1759 a=3.4036 67 a=6.2611 74 a=3.4417 78 a=10.0330 74 a=3.4417 91 a=5.3848 70 a=5.6769	(Rab’bimize)
Mx 	34.8819
My 	273.6810
T	51 66 67 67 74 78 74 91 70 w=53.7591	(Rabbimize)
Mx 	92.8404
Mx 	6.9596
Mx 	5.8039
Mx 	6.8834
Mx 	4.7244
Mx 	3.4417
Mx 	6.8834
Mx 	3.4417
Mx 	6.8834
T	53 a=7.5819 66 a=5.8039 79 a=6.8834 83 a=4.7244 241 a=3.4417 79 a=6.8834 241 a=3.4417 79 a=6.8834	(Tanrının)
Mx 	142.0612
T	51 66 67 67 74 78 74 91 70 w=53.7591	(Rabbimize)
Mx 	200.0197
Mx 	6.9596
Mx 	5.8039
Mx 	6.8834
Mx 	4.7244
Mx 	3.4417
Mx 	6.8834
Mx 	3.4417
Mx 	6.8834
T	53 a=7.5819 66 a=5.8039 79 a=6.8834 83 a=4.7244 241 a=3.4417 79 a=6.8834 241 a=3.4417 79 a=6.8834	(Tanrının)
Mx 	249.2406
T	51 66 67 w=19.5199	(Rab)
Mx 	268.7605
T	67 74 w=9.7028	(bi)
Mx 	278.4633
T	14 w=4.2926	(-)
Mx 	14.8819
My 	288.9210
T	78 74 91 70 w=24.5364	(mize)
Mx 	43.7857
Mx 	6.9596
Mx 	5.8039
Mx 	6.8834
Mx 	4.7244
Mx 	3.4417
Mx 	6.8834
Mx 	3.4417
Mx 	6.8834
T	53 a=7.5819 66 a=5.8039 79 a=6.8834 83 a=4.7244 241 a=3.4417 79 a=6.8834 241 a=3.4417 79 a=6.8834	(Tanrının)
Mx 	93.1746
T	51 66 67 67 74 78 74 91 70 w=53.7591	(Rabbimize)
Mx 	151.3010
Mx 	6.9596
Mx 	5.8039
Mx 	6.8834
Mx 	4.7244
Mx 	3.4417
Mx 	6.8834
Mx 	3.4417
Mx 	6.8834
T	53 a=7.5819 66 a=5.8039 79 a=6.8834 83 a=4.7244 241 a=3.4417 79 a=6.8834 241 a=3.4417 79 a=6.8834	(Tanrının)
Mx 	200.6899
T	51 66 67 67 74 78 74 91 70 w=53.7591	(Rabbimize)
Mx 	258.8164
Mx 	6.9596
Mx 	5.8039
Mx 	6.8834
T	53 a=7.5819 66 a=5.8039 79 a=6.8834	(Tan)
T	14 w=4.2926	(-)
Mx 	14.8819
My 	304.1610
T	83 241 w=8.1661	(rı)
Mx 	23.0480
T	79 241 79 w=17.2085	(nın)
Mx 	44.4816
T	51 66 67 67 74 78 74 91 70 w=53.7591	(Rabbimize)
Mx 	102.4659
Mx 	6.9596
Mx 	5.8039
Mx 	6.8834
Mx 	4.7244
Mx 	3.4417
Mx 	6.8834
Mx 	3.4417
Mx 	6.8834
T	53 a=7.5819 66 a=5.8039 79 a=6.8834 83 a=4.7244 241 a=3.4417 79 a=6.8834 241 a=3.4417 79 a=6.8834	(Tanrının)
Mx 	151.7125
T	51 66 67 67 74 78 74 91 70 w=53.7591	(Rabbimize)
Mx 	209.6968
Mx 	6.9596
Mx 	5.8039
Mx 	6.8834
Mx 	4.7244
Mx 	3.4417
Mx 	6.8834
Mx 	3.4417
Mx 	6.8834
T	53 a=7.5819 66 a=5.8039 79 a=6.8834 83 a=4.7244 241 a=3.4417 79 a=6.8834 241 a=3.4417 79 a=6.8834	(Tanrının)
Mx 	258.9434
T	51 66 67 w=19.5199	(Rab)
Mx 	278.4633
T	14 w=4.2926	(-)
Mx 	14.8819
My 	319.4010
T	67 74 w=9.7028	(bi)
Mx 	24.5847
T	78 74 91 70 w=24.5364	(mize)
Mx 	51.8728
Mx 	6.9596
Mx 	5.8039
Mx 	6.8834
Mx 	4.7244
Mx 	3.4417
Mx 	6.8834
Mx 	3.4417
Mx 	6.8834
T	53 a=7.5819 66 a=5.8039 79 a=6.8834 83 a=4.7244 241 a=3.4417 79 a=6.8834 241 a=3.4417 79 a=6.8834	(Tanrının)
Mx 	99.6459
T	51 66 67 67 74 78 74 91 70 w=53.7591	(Rabbimize)
Mx 	156.1567
Mx 	6.9596
Mx 	5.8039
Mx 	6.8834
Mx 	4.7244
Mx 	3.4417
Mx 	6.8834
Mx 	3.4417
Mx 	6.8834
T	53 a=7.5819 66 a=5.8039 79 a=6.8834 83 a=4.7244 241 a=3.4417 79 a=6.8834 241 a=3.4417 79 a=6.8834	(Tanrının)
Mx 	203.9299
T	51 66 67 67 74 78 74 91 70 w=53.7591	(Rabbimize)
Mx 	260.4406
Mx 	6.9596
Mx 	5.8039
Mx 	6.8834
T	53 a=7.5819 66 a=5.8039 79 a=6.8834	(Tan)
T	14 w=4.2926	(-)
Mx 	14.8819
My 	334.6410
T	83 241 w=8.1661	(rı)
Mx 	23.0480
T	79 241 79 w=17.2085	(nın)
Mx 	44.4816
T	51 66 67 67 74 78 74 91 70 w=53.7591	(Rabbimize)
Mx 	102.4659
Mx 	6.9596
Mx 	5.8039
Mx 	6.8834
Mx 	4.7244
Mx 	3.4417
Mx 	6.8834
Mx 	3.4417
Mx 	6.8834
T	53 a=7.5819 66 a=5.8039 79 a=6.8834 83 a=4.7244 241 a=3.4417 79 a=6.8834 241 a=3.4417 79 a=6.8834	(Tanrının)
Mx 	151.7125
T	51 66 67 67 74 78 74 91 70 w=53.7591	(Rabbimize)
Mx 	209.6968
Mx 	6.9596
Mx 	5.8039
Mx 	6.8834
Mx 	4.7244
Mx 	3.4417
Mx 	6.8834
Mx 	3.4417
Mx 	6.8834
T	53 a=7.5819 66 a=5.8039 79 a=6.8834 83 a=4.7244 241 a=3.4417 79 a=6.8834 241 a=3.4417 79 a=6.8834	(Tanrının)
Mx 	258.9434
T	51 66 67 w=19.5199	(Rab)
Mx 	278.4633
T	14 w=4.2926	(-)
Mx 	14.8819
My 	349.8810
T	67 74 w=9.7028	(bi)
Mx 	24.5847
T	78 74 91 70 w=24.5364	(mize)
Mx 	51.8728
Mx 	6.9596
Mx 	5.8039
Mx 	6.8834
Mx 	4.7244
Mx 	3.4417
Mx 	6.8834
Mx 	3.4417
Mx 	6.8834
T	53 a=7.5819 66 a=5.8039 79 a=6.8834 83 a=4.7244 241 a=3.4417 79 a=6.8834 241 a=3.4417 79 a=6.8834	(Tanrının)
Mx 	99.6459
T	51 66 67 67 74 78 74 91 70 w=53.7591	(Rabbimize)
Mx 	156.1567
Mx 	6.9596
Mx 	5.8039
Mx 	6.8834
Mx 	4.7244
Mx 	3.4417
Mx 	6.8834
Mx 	3.4417
Mx 	6.8834
T	53 a=7.5819 66 a=5.8039 79 a=6.8834 83 a=4.7244 241 a=3.4417 79 a=6.8834 241 a=3.4417 79 a=6.8834	(Tanrının)
Mx 	203.9299
T	51 66 67 67 74 78 74 91 70 w=53.7591	(Rabbimize)
Mx 	260.4406
Mx 	6.9596
Mx 	5.8039
Mx 	6.8834
T	53 a=7.5819 66 a=5.8039 79 a=6.8834	(Tan)
T	14 w=4.2926	(-)
Mx 	14.8819
My 	365.1210
T	83 241 w=8.1661	(rı)
Mx 	23.0480
T	79 241 79 w=17.2085	(nın)
Mx 	44.0712
T	51 66 67 67 74 78 74 91 70 w=53.7591	(Rabbimize)
Mx 	101.6450
Mx 	6.9596
Mx 	5.8039
Mx 	6.8834
Mx 	4.7244
Mx 	3.4417
Mx 	6.8834
Mx 	3.4417
Mx 	6.8834
T	53 a=7.5819 66 a=5.8039 79 a=6.8834 83 a=4.7244 241 a=3.4417 79 a=6.8834 241 a=3.4417 79 a=6.8834	(Tanrının)
Mx 	150.4812
T	51 66 67 67 74 78 74 91 70 w=53.7591	(Rabbimize)
Mx 	208.0550
Mx 	6.9596
Mx 	5.8039
Mx 	6.8834
Mx 	4.7244
Mx 	3.4417
Mx 	6.8834
Mx 	3.4417
Mx 	6.8834
T	53 a=7.5819 66 a=5.8039 79 a=6.8834 83 a=4.7244 241 a=3.4417 79 a=6.8834 241 a=3.4417 79 a=6.8834	(Tanrının)
End page
Finish
