Set paper size 	297.6377985	419.5275636
Begin page
Mx 	14.8819
My 	28.5447
Set font 	Gentium Book;10;800;;normal;;;LTR;
T	73 82 82 w=14.1357	(foo)
End page
Finish
