Set paper size 	297.6377985	419.5275636
Begin page
Mx 	56.2289
My 	39.8973
Mx 	14.8819
My 	69.8973
Set font 	Gentium Book;73.7619;400;;normal;;;LTR;
T	55 w=41.3470	(T)
Mx 	56.2289
My 	39.8973
Set font 	Gentium Book;25;400;;normal;;;LTR;
T	72 86 87 76 81 74 w=63.9771	(esting)
Mx 	127.9049
T	82 81 72 w=38.5254	(one)
Mx 	174.1292
Mx 	8.8257
Mx 	17.3828
Mx 	12.7563
T	87 a=8.8257 90 a=17.7490 82 a=12.7563	(two)
Mx 	220.7930
Mx 	8.4595
Mx 	14.0381
Mx 	9.9365
Mx 	11.7310
Mx 	11.7310
T	87 a=8.8257 75 a=14.0381 85 a=10.3027 72 a=11.7310 72 a=11.7310	(three)
T	15 w=6.0669	(,)
Mx 	56.2289
My 	69.8973
Mx 	13.3423
Mx 	12.7563
Mx 	12.8174
Mx 	6.4331
Mx 	8.8257
T	71 a=13.3423 82 a=12.7563 81 a=14.0381 10 a=6.4331 87 a=8.8257	(don't)
Mx 	116.0356
T	70 82 79 79 76 71 72 w=69.9707	(collide)
Mx 	191.6382
Mx 	17.7490
Mx 	7.0190
Mx 	8.4595
Mx 	14.0381
T	90 a=17.7490 76 a=7.0190 87 a=8.8257 75 a=14.0381	(with)
Mx 	244.5357
T	80 72 w=32.1533	(me)
Mx 	276.6890
T	17 w=6.0669	(.)
Mx 	14.8819
My 	99.8973
Mx 	11.2183
Mx 	12.7563
Mx 	13.5254
Mx 	10.3027
T	41 a=12.1948 82 a=12.7563 88 a=13.5254 85 a=10.3027	(Four)
Mx 	70.5741
Mx 	15.0391
Mx 	12.0850
Mx 	11.7310
T	789 a=15.0391 89 a=12.4512 72 a=11.7310	(five)
Mx 	117.3187
T	86 76 91 w=29.6753	(six)
Mx 	146.9939
T	15 w=6.0669	(,)
Mx 	160.9504
T	81 82 w=26.7944	(no)
Mx 	195.6343
Mx 	11.0840
Mx 	9.9365
Mx 	12.7563
Mx 	9.9243
Mx 	9.9243
Mx 	7.0190
Mx 	14.0381
Mx 	12.4390
T	70 a=11.0840 85 a=10.3027 82 a=12.7563 86 a=9.9243 86 a=9.9243 76 a=7.0190 81 a=14.0381 74 a=12.4390	(crossing)
Mx 	14.8819
My 	129.8973
Mx 	9.9243
Mx 	8.8257
Mx 	7.0190
Mx 	10.7178
Mx 	12.6953
Mx 	9.9243
T	86 a=9.9243 87 a=8.8257 76 a=7.0190 70 a=11.0840 78 a=12.6953 86 a=9.9243	(sticks)
T	17 w=6.0669	(.)
End page
Finish
