Set paper size 	297.6377985	419.5275636
Begin page
Mx 	14.8819
My 	27.2851
Set font 	Hack;8.30357;400;;normal;;;LTR;
T	156 211 211 198 205 w=24.9959	(https)
Mx 	39.8777
T	583 w=4.9992	(:)
Mx 	44.8769
T	599 w=4.9992	(/)
Mx 	49.8761
T	599 w=4.9992	(/)
Mx 	54.8753
T	205 158 172 139 w=19.9967	(sile)
Mx 	74.8719
T	656 w=4.9992	(-)
Mx 	79.8711
T	211 233 198 139 205 139 211 211 139 201 w=49.9917	(typesetter)
Mx 	129.8628
T	592 w=4.9992	(.)
Mx 	134.8620
T	184 201 151 w=14.9975	(org)
Mx 	149.8595
T	599 w=4.9992	(/)
Mx 	14.8819
My 	39.2851
Set font 	Gentium Book;10;400;;normal;;;LTR;
T	31 w=4.4385	(<)
Mx 	19.3204
T	75 87 87 83 86 w=22.0410	(https)
Mx 	41.3614
T	29 w=2.4268	(:)
Mx 	43.7881
T	18 w=4.7168	(/)
Mx 	48.5049
T	18 w=4.7168	(/)
Mx 	53.2217
T	86 76 79 72 w=14.2773	(sile)
Mx 	67.4991
T	16 w=3.4326	(-)
Mx 	70.9317
T	87 92 83 72 86 72 87 87 72 85 w=43.1348	(typesetter)
Mx 	114.0665
T	17 w=2.4268	(.)
Mx 	116.4932
Mx 	5.1025
Mx 	4.0234
Mx 	4.9756
T	82 a=5.1025 85 a=4.1211 74 a=4.9756	(org)
T	18 w=4.7168	(/)
Mx 	135.3116
T	33 w=4.4385	(>)
End page
Finish
