Set paper size 	297.6377985	419.5275636
Begin page
Mx 	34.8819
My 	28.3983
Set font 	Gentium Plus;10;400;italic;normal;;LTR
T	44 87 68 79 76 70 w=19.0625	(Italic)
Mx 	53.9444
T	34 w=3.9697	(?)
End page
Finish
