Set paper size 	595.275597	841.8897729
Begin page
Mx 	247.0617
My 	732.6300
Set font 	Gentium Plus;10;400;;normal;;LTR
T	20 w=4.6924	(1)
End page
Finish
