Set paper size 	297.6377985	419.5275636
Begin page
Mx 	232.9639
My 	32.0084
Set font 	Amiri;14;400;;normal;;LTR
T	20 28 24 24 w=29.7920	(1955)
Mx 	211.9502
Set font 	Amiri;14;400;;normal;;RTL
T	3992 3988 2349 w=16.0860	(میں)
Mx 	195.9765
T	422 391 w=11.0460	(ان)
Mx 	180.2127
T	4778 4700 w=10.8360	(کا)
Mx 	149.1190
T	420 2033 2203 3081 3770 391 w=26.1660	(انتقال)
Mx 	129.9953
T	391 2454 2270 w=14.1960	(ہوا)
Mx 	123.1213
T	564 w=6.8740	(۔)
Mx 	232.9639
My 	48.8084
Set font 	Amiri;14;400;;normal;;LTR
T	20 28 24 24 w=29.7920	(1955)
Mx 	211.9652
Set font 	Amiri;14;400;;normal;;RTL
T	3992 3988 2349 w=16.0860	(میں)
Mx 	196.0064
T	422 391 w=11.0460	(ان)
Mx 	180.2577
T	4778 4700 w=10.8360	(کا)
Mx 	149.1789
T	420 2033 2203 3081 3770 391 w=26.1660	(انتقال)
Mx 	130.0702
T	391 2454 2270 w=14.1960	(ہوا)
Mx 	123.1962
T	564 w=6.8740	(۔)
Mx 	93.4042
Set font 	Amiri;14;400;;normal;;LTR
T	20 28 23 26 w=29.7920	(1947)
Mx 	72.4054
Set font 	Amiri;14;400;;normal;;RTL
T	3992 3988 2349 w=16.0860	(میں)
Mx 	56.7267
T	545 424 w=10.7660	(وہ)
Mx 	49.8527
T	564 w=6.8740	(۔)
Mx 	232.9639
My 	65.6084
Set font 	Amiri;14;400;;normal;;LTR
T	20 28 24 24 w=29.7920	(1955)
Mx 	211.9662
Set font 	Amiri;14;400;;normal;;RTL
T	3992 3988 2349 w=16.0860	(میں)
Mx 	196.0084
T	422 391 w=11.0460	(ان)
Mx 	180.2607
T	4778 4700 w=10.8360	(کا)
Mx 	149.1829
T	420 2033 2203 3081 3770 391 w=26.1660	(انتقال)
Mx 	130.0752
T	391 2454 2270 w=14.1960	(ہوا)
Mx 	123.2012
T	564 w=6.8740	(۔)
Mx 	88.4974
Set font 	Amiri;14;400;;normal;;LTR
T	20 28 23 26 w=29.7920	(1947)
Mx 	67.4997
Set font 	Amiri;14;400;;normal;;RTL
T	3992 3988 2349 w=16.0860	(میں)
Mx 	51.8219
T	545 424 w=10.7660	(وہ)
Mx 	44.9479
T	564 w=6.8740	(۔)
Mx 	246.6699
My 	83.3244
T	3992 3988 2349 w=16.0860	(میں)
Mx 	211.9425
Set font 	Amiri;14;400;;normal;;LTR
T	20 28 24 24 w=29.7920	(1955)
Mx 	190.9210
Set font 	Amiri;14;400;;normal;;RTL
T	3992 3988 2349 w=16.0860	(میں)
Mx 	177.0816
T	2033 2121 386 w=8.9040	(آیا)
Mx 	160.8202
T	2033 6183 2108 w=11.3260	(تھا)
Mx 	246.6699
My 	100.7744
T	3992 3988 2349 w=16.0860	(میں)
Mx 	216.8779
Set font 	Amiri;14;400;;normal;;LTR
T	20 28 24 24 w=29.7920	(1955)
Mx 	195.8555
Set font 	Amiri;14;400;;normal;;RTL
T	3992 3988 2349 w=16.0860	(میں)
Mx 	182.0150
T	2033 2121 386 w=8.9040	(آیا)
Mx 	165.7526
T	2033 6183 2108 w=11.3260	(تھا)
End page
Finish
